run stage_a/sio2-freeze: fit 50,000 + diag 20,000 행 (holdout 제외 train에서 표집) / device=cpu
[freq-id] λ 283.8–791.3 nm 내림차순 / 층2·4 λ 편차 중앙값 0.00 nm (최대 410.45) / n_SiN 1.526–2.166 (Luke 대비 중앙 상대편차 2.184%) / 불신 채널 보간 8 / 단조 보정 0채널
[calib] step   100/3000  train_rmse 0.04411  val_rmse 0.01952  lr 1.00e-02  68.4s *
[calib] step   200/3000  train_rmse 0.01708  val_rmse 0.01622  lr 9.97e-03  77.1s *
[calib] step   300/3000  train_rmse 0.01604  val_rmse 0.01586  lr 9.88e-03  68.0s *
[calib] step   400/3000  train_rmse 0.01573  val_rmse 0.01558  lr 9.74e-03  73.3s *
[calib] step   500/3000  train_rmse 0.01545  val_rmse 0.01532  lr 9.54e-03  73.1s *
[calib] step   600/3000  train_rmse 0.01520  val_rmse 0.01506  lr 9.28e-03  93.1s *
[calib] step   700/3000  train_rmse 0.01495  val_rmse 0.01482  lr 8.98e-03  79.3s *
[calib] step   800/3000  train_rmse 0.01471  val_rmse 0.01460  lr 8.63e-03  83.9s *
[calib] step   900/3000  train_rmse 0.01450  val_rmse 0.01438  lr 8.24e-03  98.6s *
[calib] step  1000/3000  train_rmse 0.01427  val_rmse 0.01417  lr 7.81e-03  109.5s *
[calib] step  1100/3000  train_rmse 0.01407  val_rmse 0.01398  lr 7.34e-03  115.6s *
[calib] step  1200/3000  train_rmse 0.01390  val_rmse 0.01381  lr 6.85e-03  93.9s *
[calib] step  1300/3000  train_rmse 0.01373  val_rmse 0.01365  lr 6.34e-03  88.3s *
[calib] step  1400/3000  train_rmse 0.01357  val_rmse 0.01350  lr 5.81e-03  67.0s *
[calib] step  1500/3000  train_rmse 0.01343  val_rmse 0.01336  lr 5.27e-03  73.7s *
[calib] step  1600/3000  train_rmse 0.01330  val_rmse 0.01323  lr 4.73e-03  74.1s *
[calib] step  1700/3000  train_rmse 0.01317  val_rmse 0.01311  lr 4.19e-03  71.0s *
[calib] step  1800/3000  train_rmse 0.01306  val_rmse 0.01301  lr 3.66e-03  74.8s *
[calib] step  1900/3000  train_rmse 0.01296  val_rmse 0.01292  lr 3.15e-03  72.9s *
[calib] step  2000/3000  train_rmse 0.01288  val_rmse 0.01283  lr 2.66e-03  72.9s *
[calib] step  2100/3000  train_rmse 0.01280  val_rmse 0.01276  lr 2.19e-03  67.9s *
[calib] step  2200/3000  train_rmse 0.01273  val_rmse 0.01270  lr 1.76e-03  60.2s *
[calib] step  2300/3000  train_rmse 0.01268  val_rmse 0.01266  lr 1.37e-03  65.7s *
[calib] step  2400/3000  train_rmse 0.01264  val_rmse 0.01262  lr 1.02e-03  62.3s *
[calib] step  2500/3000  train_rmse 0.01260  val_rmse 0.01259  lr 7.16e-04  63.7s *
[calib] step  2600/3000  train_rmse 0.01258  val_rmse 0.01257  lr 4.62e-04  61.2s *
[calib] step  2700/3000  train_rmse 0.01256  val_rmse 0.01255  lr 2.62e-04  58.5s *
[calib] step  2800/3000  train_rmse 0.01255  val_rmse 0.01255  lr 1.17e-04  59.2s *
[calib] step  2900/3000  train_rmse 0.01254  val_rmse 0.01254  lr 2.93e-05  59.8s *
[calib] step  3000/3000  train_rmse 0.01254  val_rmse 0.01254  lr 0.00e+00  60.0s *

[calib] best val_rmse 0.01254 @ step 3000 — 게이트 (a) RMSE < 0.0105: 실패 (잔차 백색성 (c)는 scripts/diagnose_calibration.py로 별도 판정)

산출물: /home/bshzz1006/workspace/FringeNet/runs/stage_a/sio2-freeze/ (metrics.json, train.log, model.pt)
