run task8/d2-fft: 행 810,000 = 학습 729,000 + holdout 81,000 / mode=holdout / device=cuda
[model] epoch   1/100  train_l1 29.3559  val_mae 17.3639  lr 4.32e-04  33.5s *
[model] epoch   2/100  train_l1 12.0946  val_mae 9.6053  lr 8.63e-04  31.6s *
[model] epoch   3/100  train_l1 7.2841  val_mae 5.9901  lr 1.00e-03  31.9s *
[model] epoch   4/100  train_l1 5.0423  val_mae 4.3606  lr 9.99e-04  32.2s *
[model] epoch   5/100  train_l1 4.0563  val_mae 3.8600  lr 9.98e-04  32.4s *
[model] epoch   6/100  train_l1 3.4447  val_mae 3.2318  lr 9.96e-04  32.4s *
[model] epoch   7/100  train_l1 3.0114  val_mae 2.8476  lr 9.94e-04  32.2s *
[model] epoch   8/100  train_l1 2.6982  val_mae 2.5121  lr 9.92e-04  32.4s *
[model] epoch   9/100  train_l1 2.4170  val_mae 2.4629  lr 9.88e-04  32.3s *
[model] epoch  10/100  train_l1 2.2579  val_mae 2.2954  lr 9.85e-04  32.2s *
[model] epoch  11/100  train_l1 2.0541  val_mae 2.1425  lr 9.81e-04  32.3s *
[model] epoch  12/100  train_l1 1.9463  val_mae 1.9460  lr 9.76e-04  32.3s *
[model] epoch  13/100  train_l1 1.8329  val_mae 2.0118  lr 9.71e-04  32.4s
[model] epoch  14/100  train_l1 1.7239  val_mae 1.7790  lr 9.65e-04  32.4s *
[model] epoch  15/100  train_l1 1.6496  val_mae 1.6804  lr 9.59e-04  32.3s *
[model] epoch  16/100  train_l1 1.5645  val_mae 1.8963  lr 9.52e-04  32.3s
[model] epoch  17/100  train_l1 1.5065  val_mae 1.6722  lr 9.45e-04  32.2s *
[model] epoch  18/100  train_l1 1.4631  val_mae 1.4748  lr 9.38e-04  32.5s *
[model] epoch  19/100  train_l1 1.3968  val_mae 1.5241  lr 9.30e-04  32.3s
[model] epoch  20/100  train_l1 1.3619  val_mae 1.3748  lr 9.21e-04  32.3s *
[model] epoch  21/100  train_l1 1.2968  val_mae 1.5647  lr 9.12e-04  32.3s
[model] epoch  22/100  train_l1 1.2820  val_mae 1.4109  lr 9.03e-04  32.4s
[model] epoch  23/100  train_l1 1.2342  val_mae 1.3135  lr 8.93e-04  32.4s *
[model] epoch  24/100  train_l1 1.2083  val_mae 1.1656  lr 8.83e-04  32.5s *
[model] epoch  25/100  train_l1 1.1800  val_mae 1.3784  lr 8.73e-04  32.4s
[model] epoch  26/100  train_l1 1.1415  val_mae 1.2395  lr 8.62e-04  32.4s
[model] epoch  27/100  train_l1 1.1048  val_mae 1.3257  lr 8.51e-04  32.4s
[model] epoch  28/100  train_l1 1.0902  val_mae 1.1709  lr 8.39e-04  32.3s
[model] epoch  29/100  train_l1 1.0586  val_mae 1.0655  lr 8.27e-04  32.4s *
[model] epoch  30/100  train_l1 1.0339  val_mae 1.1494  lr 8.15e-04  32.4s
[model] epoch  31/100  train_l1 1.0229  val_mae 1.0199  lr 8.02e-04  32.4s *
[model] epoch  32/100  train_l1 0.9861  val_mae 1.2398  lr 7.89e-04  32.1s
[model] epoch  33/100  train_l1 0.9667  val_mae 0.9655  lr 7.76e-04  32.2s *
[model] epoch  34/100  train_l1 0.9433  val_mae 1.0220  lr 7.62e-04  32.4s
[model] epoch  35/100  train_l1 0.9271  val_mae 1.2075  lr 7.48e-04  32.2s
[model] epoch  36/100  train_l1 0.9013  val_mae 0.9570  lr 7.34e-04  32.3s *
[model] epoch  37/100  train_l1 0.8927  val_mae 1.0299  lr 7.20e-04  32.2s
[model] epoch  38/100  train_l1 0.8683  val_mae 0.9224  lr 7.05e-04  32.6s *
[model] epoch  39/100  train_l1 0.8515  val_mae 0.9334  lr 6.91e-04  32.4s
[model] epoch  40/100  train_l1 0.8299  val_mae 0.9620  lr 6.76e-04  32.4s
[model] epoch  41/100  train_l1 0.8223  val_mae 0.8593  lr 6.60e-04  32.4s *
[model] epoch  42/100  train_l1 0.7979  val_mae 0.9347  lr 6.45e-04  32.7s
[model] epoch  43/100  train_l1 0.7839  val_mae 0.8461  lr 6.30e-04  32.4s *
[model] epoch  44/100  train_l1 0.7728  val_mae 0.8545  lr 6.14e-04  32.4s
[model] epoch  45/100  train_l1 0.7512  val_mae 0.9567  lr 5.98e-04  32.3s
[model] epoch  46/100  train_l1 0.7408  val_mae 0.7863  lr 5.83e-04  32.4s *
[model] epoch  47/100  train_l1 0.7202  val_mae 0.8116  lr 5.67e-04  32.3s
[model] epoch  48/100  train_l1 0.7127  val_mae 0.7483  lr 5.51e-04  32.4s *
[model] epoch  49/100  train_l1 0.6890  val_mae 0.8651  lr 5.35e-04  32.5s
[model] epoch  50/100  train_l1 0.6820  val_mae 0.7195  lr 5.19e-04  32.3s *
[model] epoch  51/100  train_l1 0.6637  val_mae 0.7345  lr 5.03e-04  32.2s
[model] epoch  52/100  train_l1 0.6523  val_mae 0.6908  lr 4.86e-04  32.3s *
[model] epoch  53/100  train_l1 0.6426  val_mae 0.6452  lr 4.70e-04  32.2s *
[model] epoch  54/100  train_l1 0.6218  val_mae 0.6552  lr 4.54e-04  32.3s
[model] epoch  55/100  train_l1 0.6105  val_mae 0.6389  lr 4.38e-04  32.2s *
[model] epoch  56/100  train_l1 0.6000  val_mae 0.6558  lr 4.22e-04  32.2s
[model] epoch  57/100  train_l1 0.5884  val_mae 0.6765  lr 4.07e-04  32.3s
[model] epoch  58/100  train_l1 0.5747  val_mae 0.6246  lr 3.91e-04  32.2s *
[model] epoch  59/100  train_l1 0.5671  val_mae 0.6151  lr 3.75e-04  32.3s *
[model] epoch  60/100  train_l1 0.5506  val_mae 0.5828  lr 3.60e-04  32.2s *
[model] epoch  61/100  train_l1 0.5406  val_mae 0.5650  lr 3.44e-04  32.3s *
[model] epoch  62/100  train_l1 0.5272  val_mae 0.6277  lr 3.29e-04  32.2s
[model] epoch  63/100  train_l1 0.5182  val_mae 0.5735  lr 3.14e-04  32.2s
[model] epoch  64/100  train_l1 0.5067  val_mae 0.5547  lr 2.99e-04  32.3s *
[model] epoch  65/100  train_l1 0.4956  val_mae 0.5316  lr 2.85e-04  32.3s *
[model] epoch  66/100  train_l1 0.4873  val_mae 0.5324  lr 2.70e-04  32.3s
[model] epoch  67/100  train_l1 0.4752  val_mae 0.5550  lr 2.56e-04  32.4s
[model] epoch  68/100  train_l1 0.4656  val_mae 0.4979  lr 2.42e-04  32.3s *
[model] epoch  69/100  train_l1 0.4560  val_mae 0.4857  lr 2.29e-04  32.3s *
[model] epoch  70/100  train_l1 0.4466  val_mae 0.4831  lr 2.15e-04  32.2s *
[model] epoch  71/100  train_l1 0.4371  val_mae 0.4810  lr 2.02e-04  32.3s *
[model] epoch  72/100  train_l1 0.4304  val_mae 0.4660  lr 1.89e-04  32.4s *
[model] epoch  73/100  train_l1 0.4213  val_mae 0.4468  lr 1.77e-04  32.3s *
[model] epoch  74/100  train_l1 0.4126  val_mae 0.4574  lr 1.65e-04  32.3s
[model] epoch  75/100  train_l1 0.4044  val_mae 0.4434  lr 1.53e-04  32.2s *
[model] epoch  76/100  train_l1 0.3971  val_mae 0.4561  lr 1.42e-04  32.4s
[model] epoch  77/100  train_l1 0.3877  val_mae 0.4352  lr 1.31e-04  32.4s *
[model] epoch  78/100  train_l1 0.3821  val_mae 0.4222  lr 1.20e-04  32.4s *
[model] epoch  79/100  train_l1 0.3763  val_mae 0.4127  lr 1.10e-04  32.5s *
[model] epoch  80/100  train_l1 0.3689  val_mae 0.4049  lr 9.99e-05  32.4s *
[model] epoch  81/100  train_l1 0.3629  val_mae 0.4054  lr 9.05e-05  32.5s
[model] epoch  82/100  train_l1 0.3566  val_mae 0.3976  lr 8.15e-05  32.5s *
[model] epoch  83/100  train_l1 0.3506  val_mae 0.3956  lr 7.29e-05  32.5s *
[model] epoch  84/100  train_l1 0.3452  val_mae 0.3897  lr 6.48e-05  32.5s *
[model] epoch  85/100  train_l1 0.3407  val_mae 0.3878  lr 5.71e-05  32.4s *
[model] epoch  86/100  train_l1 0.3350  val_mae 0.3827  lr 4.98e-05  32.3s *
[model] epoch  87/100  train_l1 0.3308  val_mae 0.3802  lr 4.31e-05  32.5s *
[model] epoch  88/100  train_l1 0.3262  val_mae 0.3724  lr 3.68e-05  32.3s *
[model] epoch  89/100  train_l1 0.3225  val_mae 0.3740  lr 3.10e-05  32.4s
[model] epoch  90/100  train_l1 0.3188  val_mae 0.3693  lr 2.56e-05  32.3s *
[model] epoch  91/100  train_l1 0.3155  val_mae 0.3687  lr 2.08e-05  32.3s *
[model] epoch  92/100  train_l1 0.3127  val_mae 0.3665  lr 1.65e-05  32.5s *
[model] epoch  93/100  train_l1 0.3095  val_mae 0.3637  lr 1.26e-05  32.3s *
[model] epoch  94/100  train_l1 0.3076  val_mae 0.3621  lr 9.28e-06  32.4s *
[model] epoch  95/100  train_l1 0.3058  val_mae 0.3604  lr 6.45e-06  32.4s *
[model] epoch  96/100  train_l1 0.3038  val_mae 0.3604  lr 4.13e-06  32.4s
[model] epoch  97/100  train_l1 0.3021  val_mae 0.3591  lr 2.33e-06  32.3s *
[model] epoch  98/100  train_l1 0.3012  val_mae 0.3592  lr 1.03e-06  32.7s
[model] epoch  99/100  train_l1 0.3007  val_mae 0.3592  lr 2.59e-07  32.5s
[model] epoch 100/100  train_l1 0.2998  val_mae 0.3589  lr 0.00e+00  32.3s *

[model] holdout MAE 0.3589 nm  (layer_1=0.277  layer_2=0.468  layer_3=0.352  layer_4=0.338) (best epoch 100)

산출물: /content/FringeNet/runs/task8/d2-fft/ (metrics.json, train.log, model.pt)
