run stage_a/sio2-freeze-refine: fit 50,000 + diag 20,000 행 (holdout 제외 train에서 표집) / device=cpu
[init] runs/stage_a/sio2-freeze (step 3000, val_rmse 0.01254) 곡선에서 초기화
[calib] step   100/2000  train_rmse 0.01104  val_rmse 0.00984  lr 3.00e-03  56.2s *
[calib] step   200/2000  train_rmse 0.00964  val_rmse 0.00953  lr 2.96e-03  60.5s *
[calib] step   300/2000  train_rmse 0.00947  val_rmse 0.00943  lr 2.88e-03  62.2s *
[calib] step   400/2000  train_rmse 0.00940  val_rmse 0.00938  lr 2.77e-03  57.7s *
[calib] step   500/2000  train_rmse 0.00936  val_rmse 0.00935  lr 2.62e-03  59.0s *
[calib] step   600/2000  train_rmse 0.00933  val_rmse 0.00933  lr 2.45e-03  58.3s *
[calib] step   700/2000  train_rmse 0.00932  val_rmse 0.00932  lr 2.25e-03  61.3s *
[calib] step   800/2000  train_rmse 0.00931  val_rmse 0.00931  lr 2.03e-03  57.2s *
[calib] step   900/2000  train_rmse 0.00930  val_rmse 0.00931  lr 1.80e-03  59.7s *
[calib] step  1000/2000  train_rmse 0.00930  val_rmse 0.00930  lr 1.56e-03  56.5s *
[calib] step  1100/2000  train_rmse 0.00929  val_rmse 0.00930  lr 1.32e-03  57.3s *
[calib] step  1200/2000  train_rmse 0.00929  val_rmse 0.00930  lr 1.08e-03  59.9s *
[calib] step  1300/2000  train_rmse 0.00929  val_rmse 0.00930  lr 8.57e-04  55.7s *
[calib] step  1400/2000  train_rmse 0.00929  val_rmse 0.00930  lr 6.48e-04  62.6s *
[calib] step  1500/2000  train_rmse 0.00929  val_rmse 0.00930  lr 4.61e-04  86.9s *
run stage_a/sio2-freeze-refine: fit 50,000 + diag 20,000 행 (holdout 제외 train에서 표집) / device=cpu
[init] runs/stage_a/sio2-freeze (step 3000, val_rmse 0.01254) 곡선에서 초기화
[calib] resume: step 1500까지 완료 상태에서 재개 (best 0.00930 @ step 1500)
[calib] step  1600/2000  train_rmse 0.00929  val_rmse 0.00930  lr 3.01e-04  84.7s *
[calib] step  1700/2000  train_rmse 0.00929  val_rmse 0.00929  lr 1.72e-04  111.3s *
[calib] step  1800/2000  train_rmse 0.00929  val_rmse 0.00929  lr 7.72e-05  83.0s *
[calib] step  1900/2000  train_rmse 0.00929  val_rmse 0.00929  lr 1.94e-05  82.4s *
[calib] step  2000/2000  train_rmse 0.00928  val_rmse 0.00929  lr 0.00e+00  72.3s *

[calib] best val_rmse 0.00929 @ step 2000 — 게이트 (a) RMSE < 0.0105: 통과 (잔차 백색성 (c)는 scripts/diagnose_calibration.py로 별도 판정)

산출물: /home/bshzz1006/workspace/FringeNet/runs/stage_a/sio2-freeze-refine/ (metrics.json, train.log, model.pt)
