run cnn_recipe/budget100-std-ema-noise: 행 810,000 = 학습 729,000 + holdout 81,000 / mode=holdout / device=cuda
[model] 입력 채널별 표준화 — 통계는 학습 729,000행에서
[model] epoch   1/100  train_l1 32.3449  val_mae 17.9382  lr 4.32e-04  12.3s *
[model] epoch   2/100  train_l1 16.8339  val_mae 11.7528  lr 8.63e-04  12.3s *
[model] epoch   3/100  train_l1 12.3224  val_mae 8.4214  lr 1.00e-03  12.3s *
[model] epoch   4/100  train_l1 9.4468  val_mae 6.5771  lr 9.99e-04  12.3s *
[model] epoch   5/100  train_l1 7.9249  val_mae 5.5493  lr 9.98e-04  12.3s *
[model] epoch   6/100  train_l1 7.0121  val_mae 4.8980  lr 9.96e-04  12.3s *
[model] epoch   7/100  train_l1 6.3573  val_mae 4.4115  lr 9.94e-04  12.3s *
[model] epoch   8/100  train_l1 5.8773  val_mae 4.0360  lr 9.92e-04  12.3s *
[model] epoch   9/100  train_l1 5.4769  val_mae 3.7469  lr 9.88e-04  12.3s *
[model] epoch  10/100  train_l1 5.1769  val_mae 3.5190  lr 9.85e-04  12.4s *
[model] epoch  11/100  train_l1 4.9108  val_mae 3.3408  lr 9.81e-04  12.3s *
[model] epoch  12/100  train_l1 4.7229  val_mae 3.1968  lr 9.76e-04  12.3s *
[model] epoch  13/100  train_l1 4.5137  val_mae 3.0767  lr 9.71e-04  12.3s *
[model] epoch  14/100  train_l1 4.3692  val_mae 2.9735  lr 9.65e-04  12.3s *
[model] epoch  15/100  train_l1 4.2025  val_mae 2.8807  lr 9.59e-04  12.4s *
[model] epoch  16/100  train_l1 4.0935  val_mae 2.8013  lr 9.52e-04  12.3s *
[model] epoch  17/100  train_l1 3.9687  val_mae 2.7326  lr 9.45e-04  12.3s *
[model] epoch  18/100  train_l1 3.8565  val_mae 2.6703  lr 9.38e-04  12.3s *
[model] epoch  19/100  train_l1 3.7737  val_mae 2.6194  lr 9.30e-04  12.3s *
[model] epoch  20/100  train_l1 3.6906  val_mae 2.5701  lr 9.21e-04  12.3s *
[model] epoch  21/100  train_l1 3.6007  val_mae 2.5176  lr 9.12e-04  12.3s *
[model] epoch  22/100  train_l1 3.5328  val_mae 2.4784  lr 9.03e-04  12.4s *
[model] epoch  23/100  train_l1 3.4602  val_mae 2.4401  lr 8.93e-04  12.3s *
[model] epoch  24/100  train_l1 3.4101  val_mae 2.4068  lr 8.83e-04  12.3s *
[model] epoch  25/100  train_l1 3.3369  val_mae 2.3699  lr 8.73e-04  12.3s *
[model] epoch  26/100  train_l1 3.3027  val_mae 2.3427  lr 8.62e-04  12.3s *
[model] epoch  27/100  train_l1 3.2431  val_mae 2.3129  lr 8.51e-04  12.3s *
[model] epoch  28/100  train_l1 3.1855  val_mae 2.2817  lr 8.39e-04  12.3s *
[model] epoch  29/100  train_l1 3.1280  val_mae 2.2551  lr 8.27e-04  12.3s *
[model] epoch  30/100  train_l1 3.0927  val_mae 2.2323  lr 8.15e-04  12.3s *
[model] epoch  31/100  train_l1 3.0434  val_mae 2.2105  lr 8.02e-04  12.3s *
[model] epoch  32/100  train_l1 3.0069  val_mae 2.1867  lr 7.89e-04  12.4s *
[model] epoch  33/100  train_l1 2.9612  val_mae 2.1652  lr 7.76e-04  12.3s *
[model] epoch  34/100  train_l1 2.9288  val_mae 2.1454  lr 7.62e-04  12.3s *
[model] epoch  35/100  train_l1 2.8843  val_mae 2.1256  lr 7.48e-04  12.3s *
[model] epoch  36/100  train_l1 2.8434  val_mae 2.1071  lr 7.34e-04  12.3s *
[model] epoch  37/100  train_l1 2.8095  val_mae 2.0878  lr 7.20e-04  12.3s *
[model] epoch  38/100  train_l1 2.7681  val_mae 2.0715  lr 7.05e-04  12.4s *
[model] epoch  39/100  train_l1 2.7535  val_mae 2.0583  lr 6.91e-04  12.3s *
[model] epoch  40/100  train_l1 2.7076  val_mae 2.0425  lr 6.76e-04  12.3s *
[model] epoch  41/100  train_l1 2.6843  val_mae 2.0297  lr 6.60e-04  12.3s *
[model] epoch  42/100  train_l1 2.6471  val_mae 2.0163  lr 6.45e-04  12.3s *
[model] epoch  43/100  train_l1 2.6135  val_mae 2.0011  lr 6.30e-04  12.3s *
[model] epoch  44/100  train_l1 2.5938  val_mae 1.9873  lr 6.14e-04  12.4s *
[model] epoch  45/100  train_l1 2.5663  val_mae 1.9765  lr 5.98e-04  12.3s *
[model] epoch  46/100  train_l1 2.5385  val_mae 1.9639  lr 5.83e-04  12.3s *
[model] epoch  47/100  train_l1 2.5067  val_mae 1.9506  lr 5.67e-04  12.4s *
[model] epoch  48/100  train_l1 2.4764  val_mae 1.9401  lr 5.51e-04  12.4s *
[model] epoch  49/100  train_l1 2.4484  val_mae 1.9287  lr 5.35e-04  12.4s *
[model] epoch  50/100  train_l1 2.4299  val_mae 1.9178  lr 5.19e-04  12.4s *
[model] epoch  51/100  train_l1 2.4012  val_mae 1.9087  lr 5.03e-04  12.4s *
[model] epoch  52/100  train_l1 2.3872  val_mae 1.8994  lr 4.86e-04  12.3s *
[model] epoch  53/100  train_l1 2.3530  val_mae 1.8885  lr 4.70e-04  12.3s *
[model] epoch  54/100  train_l1 2.3285  val_mae 1.8783  lr 4.54e-04  12.3s *
[model] epoch  55/100  train_l1 2.3082  val_mae 1.8699  lr 4.38e-04  12.4s *
[model] epoch  56/100  train_l1 2.2834  val_mae 1.8610  lr 4.22e-04  12.4s *
[model] epoch  57/100  train_l1 2.2660  val_mae 1.8538  lr 4.07e-04  12.3s *
[model] epoch  58/100  train_l1 2.2413  val_mae 1.8445  lr 3.91e-04  12.3s *
[model] epoch  59/100  train_l1 2.2153  val_mae 1.8368  lr 3.75e-04  12.3s *
[model] epoch  60/100  train_l1 2.2025  val_mae 1.8307  lr 3.60e-04  12.3s *
[model] epoch  61/100  train_l1 2.1720  val_mae 1.8224  lr 3.44e-04  12.4s *
[model] epoch  62/100  train_l1 2.1550  val_mae 1.8162  lr 3.29e-04  12.3s *
[model] epoch  63/100  train_l1 2.1357  val_mae 1.8089  lr 3.14e-04  12.3s *
[model] epoch  64/100  train_l1 2.1189  val_mae 1.8025  lr 2.99e-04  12.3s *
[model] epoch  65/100  train_l1 2.0932  val_mae 1.7964  lr 2.85e-04  12.3s *
[model] epoch  66/100  train_l1 2.0785  val_mae 1.7896  lr 2.70e-04  12.4s *
[model] epoch  67/100  train_l1 2.0581  val_mae 1.7860  lr 2.56e-04  12.4s *
[model] epoch  68/100  train_l1 2.0396  val_mae 1.7792  lr 2.42e-04  12.3s *
[model] epoch  69/100  train_l1 2.0263  val_mae 1.7733  lr 2.29e-04  12.3s *
[model] epoch  70/100  train_l1 2.0144  val_mae 1.7699  lr 2.15e-04  12.4s *
[model] epoch  71/100  train_l1 1.9961  val_mae 1.7644  lr 2.02e-04  12.3s *
[model] epoch  72/100  train_l1 1.9776  val_mae 1.7590  lr 1.89e-04  12.4s *
[model] epoch  73/100  train_l1 1.9594  val_mae 1.7545  lr 1.77e-04  12.3s *
[model] epoch  74/100  train_l1 1.9508  val_mae 1.7501  lr 1.65e-04  12.3s *
[model] epoch  75/100  train_l1 1.9352  val_mae 1.7469  lr 1.53e-04  12.3s *
[model] epoch  76/100  train_l1 1.9189  val_mae 1.7429  lr 1.42e-04  12.4s *
[model] epoch  77/100  train_l1 1.9064  val_mae 1.7399  lr 1.31e-04  12.3s *
[model] epoch  78/100  train_l1 1.8931  val_mae 1.7366  lr 1.20e-04  12.3s *
[model] epoch  79/100  train_l1 1.8805  val_mae 1.7342  lr 1.10e-04  12.4s *
[model] epoch  80/100  train_l1 1.8709  val_mae 1.7313  lr 9.99e-05  12.3s *
[model] epoch  81/100  train_l1 1.8579  val_mae 1.7287  lr 9.05e-05  12.3s *
[model] epoch  82/100  train_l1 1.8501  val_mae 1.7270  lr 8.15e-05  12.3s *
[model] epoch  83/100  train_l1 1.8382  val_mae 1.7240  lr 7.29e-05  12.4s *
[model] epoch  84/100  train_l1 1.8267  val_mae 1.7226  lr 6.48e-05  12.4s *
[model] epoch  85/100  train_l1 1.8217  val_mae 1.7212  lr 5.71e-05  12.3s *
[model] epoch  86/100  train_l1 1.8092  val_mae 1.7190  lr 4.98e-05  12.3s *
[model] epoch  87/100  train_l1 1.8014  val_mae 1.7171  lr 4.31e-05  12.4s *
[model] epoch  88/100  train_l1 1.7947  val_mae 1.7159  lr 3.68e-05  12.3s *
[model] epoch  89/100  train_l1 1.7875  val_mae 1.7141  lr 3.10e-05  12.3s *
[model] epoch  90/100  train_l1 1.7779  val_mae 1.7131  lr 2.56e-05  12.3s *
[model] epoch  91/100  train_l1 1.7752  val_mae 1.7119  lr 2.08e-05  12.3s *
[model] epoch  92/100  train_l1 1.7716  val_mae 1.7123  lr 1.65e-05  12.3s
[model] epoch  93/100  train_l1 1.7622  val_mae 1.7110  lr 1.26e-05  12.3s *
[model] epoch  94/100  train_l1 1.7620  val_mae 1.7102  lr 9.28e-06  12.4s *
[model] epoch  95/100  train_l1 1.7558  val_mae 1.7100  lr 6.45e-06  12.3s *
[model] epoch  96/100  train_l1 1.7537  val_mae 1.7096  lr 4.13e-06  12.3s *
[model] epoch  97/100  train_l1 1.7486  val_mae 1.7086  lr 2.33e-06  12.3s *
[model] epoch  98/100  train_l1 1.7483  val_mae 1.7080  lr 1.03e-06  12.4s *
[model] epoch  99/100  train_l1 1.7473  val_mae 1.7078  lr 2.59e-07  12.4s *
[model] epoch 100/100  train_l1 1.7478  val_mae 1.7073  lr 0.00e+00  12.4s *

[model] holdout MAE 1.7073 nm  (layer_1=1.191  layer_2=2.163  layer_3=1.952  layer_4=1.524) (best epoch 100)

산출물: /content/FringeNet/runs/cnn_recipe/budget100-std-ema-noise/ (metrics.json, train.log, model.pt)
