run stage_a/sio2-freeze-adachi: fit 50,000 + diag 20,000 행 (holdout 제외 train에서 표집) / device=cpu
[freq-id] λ 283.8–791.3 nm 내림차순 / 층2·4 λ 편차 중앙값 0.00 nm (최대 410.45) / n_SiN 1.526–2.166 (Luke 대비 중앙 상대편차 2.184%) / 불신 채널 보간 8 / 단조 보정 0채널
[calib] step   100/3000  train_rmse 0.04809  val_rmse 0.02741  lr 1.00e-02  81.0s *
[calib] step   200/3000  train_rmse 0.02420  val_rmse 0.02202  lr 9.97e-03  80.1s *
[calib] step   300/3000  train_rmse 0.02096  val_rmse 0.02007  lr 9.88e-03  68.7s *
[calib] step   400/3000  train_rmse 0.01952  val_rmse 0.01903  lr 9.74e-03  63.5s *
[calib] step   500/3000  train_rmse 0.01867  val_rmse 0.01835  lr 9.54e-03  65.1s *
[calib] step   600/3000  train_rmse 0.01810  val_rmse 0.01785  lr 9.28e-03  65.1s *
[calib] step   700/3000  train_rmse 0.01764  val_rmse 0.01744  lr 8.98e-03  64.8s *
[calib] step   800/3000  train_rmse 0.01726  val_rmse 0.01710  lr 8.63e-03  65.7s *
[calib] step   900/3000  train_rmse 0.01694  val_rmse 0.01679  lr 8.24e-03  65.6s *
[calib] step  1000/3000  train_rmse 0.01665  val_rmse 0.01651  lr 7.81e-03  64.2s *
[calib] step  1100/3000  train_rmse 0.01638  val_rmse 0.01626  lr 7.34e-03  62.8s *
[calib] step  1200/3000  train_rmse 0.01615  val_rmse 0.01603  lr 6.85e-03  63.8s *
[calib] step  1300/3000  train_rmse 0.01593  val_rmse 0.01582  lr 6.34e-03  63.3s *
[calib] step  1400/3000  train_rmse 0.01571  val_rmse 0.01563  lr 5.81e-03  65.6s *
[calib] step  1500/3000  train_rmse 0.01553  val_rmse 0.01545  lr 5.27e-03  64.3s *
[calib] step  1600/3000  train_rmse 0.01536  val_rmse 0.01528  lr 4.73e-03  71.6s *
[calib] step  1700/3000  train_rmse 0.01520  val_rmse 0.01513  lr 4.19e-03  64.9s *
[calib] step  1800/3000  train_rmse 0.01506  val_rmse 0.01500  lr 3.66e-03  65.4s *
[calib] step  1900/3000  train_rmse 0.01493  val_rmse 0.01489  lr 3.15e-03  65.3s *
[calib] step  2000/3000  train_rmse 0.01483  val_rmse 0.01478  lr 2.66e-03  65.7s *
[calib] step  2100/3000  train_rmse 0.01473  val_rmse 0.01469  lr 2.19e-03  63.7s *
[calib] step  2200/3000  train_rmse 0.01464  val_rmse 0.01462  lr 1.76e-03  64.7s *
[calib] step  2300/3000  train_rmse 0.01458  val_rmse 0.01456  lr 1.37e-03  77.6s *
[calib] step  2400/3000  train_rmse 0.01453  val_rmse 0.01451  lr 1.02e-03  74.9s *
[calib] step  2500/3000  train_rmse 0.01448  val_rmse 0.01447  lr 7.16e-04  72.9s *
[calib] step  2600/3000  train_rmse 0.01445  val_rmse 0.01445  lr 4.62e-04  75.3s *
[calib] step  2700/3000  train_rmse 0.01443  val_rmse 0.01443  lr 2.62e-04  75.1s *
[calib] step  2800/3000  train_rmse 0.01442  val_rmse 0.01442  lr 1.17e-04  73.6s *
[calib] step  2900/3000  train_rmse 0.01441  val_rmse 0.01442  lr 2.93e-05  85.0s *
[calib] step  3000/3000  train_rmse 0.01441  val_rmse 0.01442  lr 0.00e+00  80.5s *

[calib] best val_rmse 0.01442 @ step 3000 — 게이트 (a) RMSE < 0.0105: 실패 (잔차 백색성 (c)는 scripts/diagnose_calibration.py로 별도 판정)

산출물: /home/bshzz1006/workspace/FringeNet/runs/stage_a/sio2-freeze-adachi/ (metrics.json, train.log, model.pt)
