run task8/resnet-w2: 행 810,000 = 학습 729,000 + holdout 81,000 / mode=holdout / device=cuda
[model] epoch   1/100  train_l1 31.9090  val_mae 21.3500  lr 4.32e-04  42.6s *
[model] epoch   2/100  train_l1 16.5496  val_mae 13.0914  lr 8.63e-04  42.6s *
[model] epoch   3/100  train_l1 11.2470  val_mae 9.2561  lr 1.00e-03  42.6s *
[model] epoch   4/100  train_l1 8.3838  val_mae 7.5007  lr 9.99e-04  42.6s *
[model] epoch   5/100  train_l1 6.9913  val_mae 7.2309  lr 9.98e-04  42.6s *
[model] epoch   6/100  train_l1 6.2009  val_mae 6.0169  lr 9.96e-04  42.6s *
[model] epoch   7/100  train_l1 5.5712  val_mae 6.0898  lr 9.94e-04  42.6s
[model] epoch   8/100  train_l1 5.1340  val_mae 5.1618  lr 9.92e-04  42.5s *
[model] epoch   9/100  train_l1 4.7519  val_mae 4.7429  lr 9.88e-04  42.5s *
[model] epoch  10/100  train_l1 4.4644  val_mae 4.5915  lr 9.85e-04  42.5s *
[model] epoch  11/100  train_l1 4.2128  val_mae 5.0245  lr 9.81e-04  42.6s
[model] epoch  12/100  train_l1 4.0038  val_mae 4.4310  lr 9.76e-04  42.6s *
[model] epoch  13/100  train_l1 3.8244  val_mae 4.5098  lr 9.71e-04  42.5s
[model] epoch  14/100  train_l1 3.6486  val_mae 3.8940  lr 9.65e-04  42.5s *
[model] epoch  15/100  train_l1 3.5209  val_mae 3.8287  lr 9.59e-04  42.6s *
[model] epoch  16/100  train_l1 3.3772  val_mae 3.5345  lr 9.52e-04  42.6s *
[model] epoch  17/100  train_l1 3.2686  val_mae 3.7118  lr 9.45e-04  42.6s
[model] epoch  18/100  train_l1 3.1707  val_mae 3.3269  lr 9.38e-04  42.6s *
[model] epoch  19/100  train_l1 3.0914  val_mae 3.3695  lr 9.30e-04  42.6s
[model] epoch  20/100  train_l1 2.9922  val_mae 3.0776  lr 9.21e-04  42.5s *
[model] epoch  21/100  train_l1 2.9300  val_mae 3.2823  lr 9.12e-04  42.5s
[model] epoch  22/100  train_l1 2.8515  val_mae 3.0516  lr 9.03e-04  42.5s *
[model] epoch  23/100  train_l1 2.7772  val_mae 3.2468  lr 8.93e-04  42.5s
[model] epoch  24/100  train_l1 2.7158  val_mae 2.9834  lr 8.83e-04  42.5s *
[model] epoch  25/100  train_l1 2.6488  val_mae 2.7604  lr 8.73e-04  42.5s *
[model] epoch  26/100  train_l1 2.5972  val_mae 2.8539  lr 8.62e-04  42.6s
[model] epoch  27/100  train_l1 2.5394  val_mae 2.8844  lr 8.51e-04  42.6s
[model] epoch  28/100  train_l1 2.4836  val_mae 2.8408  lr 8.39e-04  42.6s
[model] epoch  29/100  train_l1 2.4420  val_mae 2.7031  lr 8.27e-04  42.6s *
[model] epoch  30/100  train_l1 2.3928  val_mae 2.9985  lr 8.15e-04  42.6s
[model] epoch  31/100  train_l1 2.3350  val_mae 2.6370  lr 8.02e-04  42.6s *
[model] epoch  32/100  train_l1 2.2869  val_mae 2.5601  lr 7.89e-04  42.6s *
[model] epoch  33/100  train_l1 2.2509  val_mae 2.4789  lr 7.76e-04  42.5s *
[model] epoch  34/100  train_l1 2.2080  val_mae 2.4813  lr 7.62e-04  42.6s
[model] epoch  35/100  train_l1 2.1749  val_mae 2.3516  lr 7.48e-04  42.6s *
[model] epoch  36/100  train_l1 2.1192  val_mae 2.5194  lr 7.34e-04  42.6s
[model] epoch  37/100  train_l1 2.0783  val_mae 2.8391  lr 7.20e-04  42.5s
[model] epoch  38/100  train_l1 2.0412  val_mae 2.3444  lr 7.05e-04  42.6s *
[model] epoch  39/100  train_l1 2.0096  val_mae 2.4044  lr 6.91e-04  42.5s
[model] epoch  40/100  train_l1 1.9643  val_mae 2.1970  lr 6.76e-04  42.6s *
[model] epoch  41/100  train_l1 1.9342  val_mae 2.0646  lr 6.60e-04  42.6s *
[model] epoch  42/100  train_l1 1.8963  val_mae 2.1318  lr 6.45e-04  42.6s
[model] epoch  43/100  train_l1 1.8638  val_mae 2.1497  lr 6.30e-04  42.5s
[model] epoch  44/100  train_l1 1.8212  val_mae 2.0694  lr 6.14e-04  42.5s
[model] epoch  45/100  train_l1 1.7971  val_mae 2.1790  lr 5.98e-04  42.5s
[model] epoch  46/100  train_l1 1.7645  val_mae 2.0061  lr 5.83e-04  42.5s *
[model] epoch  47/100  train_l1 1.7326  val_mae 2.1027  lr 5.67e-04  42.6s
[model] epoch  48/100  train_l1 1.6995  val_mae 2.0346  lr 5.51e-04  42.5s
[model] epoch  49/100  train_l1 1.6659  val_mae 2.1176  lr 5.35e-04  42.6s
[model] epoch  50/100  train_l1 1.6352  val_mae 2.0779  lr 5.19e-04  42.6s
[model] epoch  51/100  train_l1 1.6022  val_mae 2.0321  lr 5.03e-04  42.5s
[model] epoch  52/100  train_l1 1.5710  val_mae 1.8919  lr 4.86e-04  42.5s *
[model] epoch  53/100  train_l1 1.5397  val_mae 1.7378  lr 4.70e-04  42.6s *
[model] epoch  54/100  train_l1 1.5092  val_mae 1.7818  lr 4.54e-04  42.6s
[model] epoch  55/100  train_l1 1.4835  val_mae 1.7267  lr 4.38e-04  42.5s *
[model] epoch  56/100  train_l1 1.4542  val_mae 1.8039  lr 4.22e-04  42.5s
[model] epoch  57/100  train_l1 1.4268  val_mae 1.7364  lr 4.07e-04  42.6s
[model] epoch  58/100  train_l1 1.4025  val_mae 1.7212  lr 3.91e-04  42.5s *
[model] epoch  59/100  train_l1 1.3721  val_mae 1.6921  lr 3.75e-04  42.5s *
[model] epoch  60/100  train_l1 1.3451  val_mae 1.5875  lr 3.60e-04  42.6s *
[model] epoch  61/100  train_l1 1.3178  val_mae 1.6679  lr 3.44e-04  42.6s
[model] epoch  62/100  train_l1 1.2922  val_mae 1.5253  lr 3.29e-04  42.6s *
[model] epoch  63/100  train_l1 1.2656  val_mae 1.5323  lr 3.14e-04  42.6s
[model] epoch  64/100  train_l1 1.2437  val_mae 1.4770  lr 2.99e-04  42.6s *
[model] epoch  65/100  train_l1 1.2176  val_mae 1.4587  lr 2.85e-04  42.5s *
[model] epoch  66/100  train_l1 1.1917  val_mae 1.4587  lr 2.70e-04  42.6s *
[model] epoch  67/100  train_l1 1.1688  val_mae 1.4737  lr 2.56e-04  42.6s
[model] epoch  68/100  train_l1 1.1454  val_mae 1.4973  lr 2.42e-04  42.6s
[model] epoch  69/100  train_l1 1.1230  val_mae 1.4948  lr 2.29e-04  42.6s
[model] epoch  70/100  train_l1 1.1013  val_mae 1.4087  lr 2.15e-04  42.6s *
[model] epoch  71/100  train_l1 1.0813  val_mae 1.3992  lr 2.02e-04  42.6s *
[model] epoch  72/100  train_l1 1.0596  val_mae 1.3884  lr 1.89e-04  42.5s *
[model] epoch  73/100  train_l1 1.0409  val_mae 1.3207  lr 1.77e-04  42.5s *
[model] epoch  74/100  train_l1 1.0188  val_mae 1.3179  lr 1.65e-04  42.5s *
[model] epoch  75/100  train_l1 1.0003  val_mae 1.3516  lr 1.53e-04  42.5s
[model] epoch  76/100  train_l1 0.9830  val_mae 1.2913  lr 1.42e-04  42.5s *
[model] epoch  77/100  train_l1 0.9641  val_mae 1.2686  lr 1.31e-04  42.6s *
[model] epoch  78/100  train_l1 0.9474  val_mae 1.2725  lr 1.20e-04  42.6s
[model] epoch  79/100  train_l1 0.9320  val_mae 1.2663  lr 1.10e-04  42.6s *
[model] epoch  80/100  train_l1 0.9164  val_mae 1.2407  lr 9.99e-05  42.5s *
[model] epoch  81/100  train_l1 0.8992  val_mae 1.2803  lr 9.05e-05  42.6s
[model] epoch  82/100  train_l1 0.8863  val_mae 1.2513  lr 8.15e-05  42.6s
[model] epoch  83/100  train_l1 0.8744  val_mae 1.2128  lr 7.29e-05  42.5s *
[model] epoch  84/100  train_l1 0.8586  val_mae 1.2012  lr 6.48e-05  42.5s *
[model] epoch  85/100  train_l1 0.8492  val_mae 1.2065  lr 5.71e-05  42.6s
[model] epoch  86/100  train_l1 0.8355  val_mae 1.1914  lr 4.98e-05  42.6s *
[model] epoch  87/100  train_l1 0.8257  val_mae 1.1826  lr 4.31e-05  42.6s *
[model] epoch  88/100  train_l1 0.8146  val_mae 1.1795  lr 3.68e-05  42.6s *
[model] epoch  89/100  train_l1 0.8075  val_mae 1.1740  lr 3.10e-05  42.5s *
[model] epoch  90/100  train_l1 0.7993  val_mae 1.1696  lr 2.56e-05  42.5s *
[model] epoch  91/100  train_l1 0.7908  val_mae 1.1615  lr 2.08e-05  42.5s *
[model] epoch  92/100  train_l1 0.7842  val_mae 1.1598  lr 1.65e-05  42.6s *
[model] epoch  93/100  train_l1 0.7768  val_mae 1.1577  lr 1.26e-05  42.5s *
[model] epoch  94/100  train_l1 0.7716  val_mae 1.1560  lr 9.28e-06  42.5s *
[model] epoch  95/100  train_l1 0.7686  val_mae 1.1531  lr 6.45e-06  42.5s *
[model] epoch  96/100  train_l1 0.7635  val_mae 1.1531  lr 4.13e-06  42.6s *
[model] epoch  97/100  train_l1 0.7606  val_mae 1.1519  lr 2.33e-06  42.6s *
[model] epoch  98/100  train_l1 0.7585  val_mae 1.1515  lr 1.03e-06  42.6s *
[model] epoch  99/100  train_l1 0.7574  val_mae 1.1515  lr 2.59e-07  42.5s
[model] epoch 100/100  train_l1 0.7548  val_mae 1.1518  lr 0.00e+00  42.5s

[model] holdout MAE 1.1515 nm  (layer_1=0.800  layer_2=1.455  layer_3=1.330  layer_4=1.021) (best epoch 98)

산출물: /content/FringeNet/runs/task8/resnet-w2/ (metrics.json, train.log, model.pt)
