run cnn_recipe/budget100: 행 810,000 = 학습 729,000 + holdout 81,000 / mode=holdout / device=cuda
[model] epoch   1/100  train_l1 33.4224  val_mae 21.6946  lr 4.32e-04  13.2s *
[model] epoch   2/100  train_l1 17.4000  val_mae 15.0335  lr 8.63e-04  11.9s *
[model] epoch   3/100  train_l1 12.4830  val_mae 10.2661  lr 1.00e-03  11.9s *
[model] epoch   4/100  train_l1 9.3429  val_mae 8.8421  lr 9.99e-04  12.0s *
[model] epoch   5/100  train_l1 7.7235  val_mae 7.1382  lr 9.98e-04  12.1s *
[model] epoch   6/100  train_l1 6.7662  val_mae 6.7985  lr 9.96e-04  12.2s *
[model] epoch   7/100  train_l1 6.1129  val_mae 6.1489  lr 9.94e-04  12.2s *
[model] epoch   8/100  train_l1 5.6416  val_mae 5.3161  lr 9.92e-04  12.1s *
[model] epoch   9/100  train_l1 5.2559  val_mae 5.1579  lr 9.88e-04  12.1s *
[model] epoch  10/100  train_l1 4.9453  val_mae 5.0605  lr 9.85e-04  12.1s *
[model] epoch  11/100  train_l1 4.6862  val_mae 4.8354  lr 9.81e-04  12.1s *
[model] epoch  12/100  train_l1 4.4661  val_mae 4.6249  lr 9.76e-04  12.1s *
[model] epoch  13/100  train_l1 4.2575  val_mae 4.2458  lr 9.71e-04  12.1s *
[model] epoch  14/100  train_l1 4.1174  val_mae 4.1056  lr 9.65e-04  12.1s *
[model] epoch  15/100  train_l1 3.9597  val_mae 4.0216  lr 9.59e-04  12.1s *
[model] epoch  16/100  train_l1 3.8395  val_mae 3.7568  lr 9.52e-04  12.1s *
[model] epoch  17/100  train_l1 3.7274  val_mae 3.9819  lr 9.45e-04  12.1s
[model] epoch  18/100  train_l1 3.6396  val_mae 3.8546  lr 9.38e-04  12.1s
[model] epoch  19/100  train_l1 3.5500  val_mae 3.4603  lr 9.30e-04  12.1s *
[model] epoch  20/100  train_l1 3.4437  val_mae 3.4024  lr 9.21e-04  12.1s *
[model] epoch  21/100  train_l1 3.3829  val_mae 3.3064  lr 9.12e-04  12.1s *
[model] epoch  22/100  train_l1 3.2934  val_mae 3.5785  lr 9.03e-04  12.1s
[model] epoch  23/100  train_l1 3.2352  val_mae 3.4322  lr 8.93e-04  12.1s
[model] epoch  24/100  train_l1 3.1828  val_mae 3.2045  lr 8.83e-04  12.1s *
[model] epoch  25/100  train_l1 3.1178  val_mae 3.4857  lr 8.73e-04  12.1s
[model] epoch  26/100  train_l1 3.0641  val_mae 3.2327  lr 8.62e-04  12.1s
[model] epoch  27/100  train_l1 3.0059  val_mae 3.3191  lr 8.51e-04  12.1s
[model] epoch  28/100  train_l1 2.9577  val_mae 3.2412  lr 8.39e-04  12.1s
[model] epoch  29/100  train_l1 2.9074  val_mae 2.9736  lr 8.27e-04  12.1s *
[model] epoch  30/100  train_l1 2.8613  val_mae 3.0041  lr 8.15e-04  12.1s
[model] epoch  31/100  train_l1 2.8047  val_mae 2.8755  lr 8.02e-04  12.1s *
[model] epoch  32/100  train_l1 2.7789  val_mae 2.7628  lr 7.89e-04  12.1s *
[model] epoch  33/100  train_l1 2.7267  val_mae 2.7857  lr 7.76e-04  12.1s
[model] epoch  34/100  train_l1 2.6957  val_mae 2.7111  lr 7.62e-04  12.1s *
[model] epoch  35/100  train_l1 2.6545  val_mae 2.8472  lr 7.48e-04  12.1s
[model] epoch  36/100  train_l1 2.6160  val_mae 2.8023  lr 7.34e-04  12.1s
[model] epoch  37/100  train_l1 2.5742  val_mae 2.7640  lr 7.20e-04  12.1s
[model] epoch  38/100  train_l1 2.5428  val_mae 2.5967  lr 7.05e-04  12.1s *
[model] epoch  39/100  train_l1 2.5059  val_mae 2.5582  lr 6.91e-04  12.1s *
[model] epoch  40/100  train_l1 2.4793  val_mae 2.7434  lr 6.76e-04  12.1s
[model] epoch  41/100  train_l1 2.4404  val_mae 2.5646  lr 6.60e-04  12.1s
[model] epoch  42/100  train_l1 2.4091  val_mae 2.5899  lr 6.45e-04  12.1s
[model] epoch  43/100  train_l1 2.3858  val_mae 2.5907  lr 6.30e-04  12.1s
[model] epoch  44/100  train_l1 2.3552  val_mae 2.4967  lr 6.14e-04  12.1s *
[model] epoch  45/100  train_l1 2.3292  val_mae 2.4675  lr 5.98e-04  12.1s *
[model] epoch  46/100  train_l1 2.3039  val_mae 2.5467  lr 5.83e-04  12.1s
[model] epoch  47/100  train_l1 2.2663  val_mae 2.3863  lr 5.67e-04  12.1s *
[model] epoch  48/100  train_l1 2.2419  val_mae 2.4532  lr 5.51e-04  12.1s
[model] epoch  49/100  train_l1 2.2187  val_mae 2.3131  lr 5.35e-04  12.1s *
[model] epoch  50/100  train_l1 2.1925  val_mae 2.4093  lr 5.19e-04  12.1s
[model] epoch  51/100  train_l1 2.1611  val_mae 2.3876  lr 5.03e-04  12.1s
[model] epoch  52/100  train_l1 2.1394  val_mae 2.3522  lr 4.86e-04  12.1s
[model] epoch  53/100  train_l1 2.1125  val_mae 2.2565  lr 4.70e-04  12.1s *
[model] epoch  54/100  train_l1 2.0870  val_mae 2.2076  lr 4.54e-04  12.1s *
[model] epoch  55/100  train_l1 2.0626  val_mae 2.1980  lr 4.38e-04  12.1s *
[model] epoch  56/100  train_l1 2.0377  val_mae 2.2995  lr 4.22e-04  12.1s
[model] epoch  57/100  train_l1 2.0152  val_mae 2.1677  lr 4.07e-04  12.1s *
[model] epoch  58/100  train_l1 1.9932  val_mae 2.0988  lr 3.91e-04  12.1s *
[model] epoch  59/100  train_l1 1.9743  val_mae 2.2356  lr 3.75e-04  12.1s
[model] epoch  60/100  train_l1 1.9449  val_mae 2.0500  lr 3.60e-04  12.1s *
[model] epoch  61/100  train_l1 1.9306  val_mae 2.0730  lr 3.44e-04  12.1s
[model] epoch  62/100  train_l1 1.9042  val_mae 2.0758  lr 3.29e-04  12.1s
[model] epoch  63/100  train_l1 1.8854  val_mae 2.0996  lr 3.14e-04  12.1s
[model] epoch  64/100  train_l1 1.8652  val_mae 2.0435  lr 2.99e-04  12.1s *
[model] epoch  65/100  train_l1 1.8478  val_mae 2.0081  lr 2.85e-04  12.1s *
[model] epoch  66/100  train_l1 1.8265  val_mae 2.0032  lr 2.70e-04  12.1s *
[model] epoch  67/100  train_l1 1.8041  val_mae 1.9484  lr 2.56e-04  12.1s *
[model] epoch  68/100  train_l1 1.7920  val_mae 1.9713  lr 2.42e-04  12.1s
[model] epoch  69/100  train_l1 1.7695  val_mae 1.9656  lr 2.29e-04  12.1s
[model] epoch  70/100  train_l1 1.7553  val_mae 1.9317  lr 2.15e-04  12.1s *
[model] epoch  71/100  train_l1 1.7386  val_mae 1.9065  lr 2.02e-04  12.1s *
[model] epoch  72/100  train_l1 1.7204  val_mae 1.8767  lr 1.89e-04  12.1s *
[model] epoch  73/100  train_l1 1.7048  val_mae 1.9256  lr 1.77e-04  12.1s
[model] epoch  74/100  train_l1 1.6889  val_mae 1.8735  lr 1.65e-04  12.1s *
[model] epoch  75/100  train_l1 1.6734  val_mae 1.8892  lr 1.53e-04  12.1s
[model] epoch  76/100  train_l1 1.6616  val_mae 1.8400  lr 1.42e-04  12.1s *
[model] epoch  77/100  train_l1 1.6449  val_mae 1.8442  lr 1.31e-04  12.1s
[model] epoch  78/100  train_l1 1.6313  val_mae 1.8295  lr 1.20e-04  12.1s *
[model] epoch  79/100  train_l1 1.6174  val_mae 1.8051  lr 1.10e-04  12.2s *
[model] epoch  80/100  train_l1 1.6052  val_mae 1.8258  lr 9.99e-05  12.1s
[model] epoch  81/100  train_l1 1.5930  val_mae 1.8135  lr 9.05e-05  12.1s
[model] epoch  82/100  train_l1 1.5811  val_mae 1.7892  lr 8.15e-05  12.1s *
[model] epoch  83/100  train_l1 1.5723  val_mae 1.7828  lr 7.29e-05  12.1s *
[model] epoch  84/100  train_l1 1.5598  val_mae 1.7635  lr 6.48e-05  12.1s *
[model] epoch  85/100  train_l1 1.5557  val_mae 1.7771  lr 5.71e-05  12.1s
[model] epoch  86/100  train_l1 1.5400  val_mae 1.7530  lr 4.98e-05  12.1s *
[model] epoch  87/100  train_l1 1.5326  val_mae 1.7497  lr 4.31e-05  12.1s *
[model] epoch  88/100  train_l1 1.5230  val_mae 1.7474  lr 3.68e-05  12.1s *
[model] epoch  89/100  train_l1 1.5183  val_mae 1.7406  lr 3.10e-05  12.1s *
[model] epoch  90/100  train_l1 1.5116  val_mae 1.7374  lr 2.56e-05  12.1s *
[model] epoch  91/100  train_l1 1.5030  val_mae 1.7354  lr 2.08e-05  12.1s *
[model] epoch  92/100  train_l1 1.4990  val_mae 1.7356  lr 1.65e-05  12.1s
[model] epoch  93/100  train_l1 1.4910  val_mae 1.7275  lr 1.26e-05  12.1s *
[model] epoch  94/100  train_l1 1.4883  val_mae 1.7245  lr 9.28e-06  12.1s *
[model] epoch  95/100  train_l1 1.4858  val_mae 1.7221  lr 6.45e-06  12.1s *
[model] epoch  96/100  train_l1 1.4805  val_mae 1.7227  lr 4.13e-06  12.1s
[model] epoch  97/100  train_l1 1.4790  val_mae 1.7206  lr 2.33e-06  12.1s *
[model] epoch  98/100  train_l1 1.4754  val_mae 1.7185  lr 1.03e-06  12.1s *
[model] epoch  99/100  train_l1 1.4760  val_mae 1.7210  lr 2.59e-07  12.1s
[model] epoch 100/100  train_l1 1.4723  val_mae 1.7208  lr 0.00e+00  12.1s

[model] holdout MAE 1.7185 nm  (layer_1=1.175  layer_2=2.183  layer_3=1.986  layer_4=1.530) (best epoch 98)

산출물: /content/FringeNet/runs/cnn_recipe/budget100/ (metrics.json, train.log, model.pt)
