run cnn_recipe/budget100-std-ema: 행 810,000 = 학습 729,000 + holdout 81,000 / mode=holdout / device=cuda
[model] 입력 채널별 표준화 — 통계는 학습 729,000행에서
[model] epoch   1/100  train_l1 31.9857  val_mae 17.8022  lr 4.32e-04  12.3s *
[model] epoch   2/100  train_l1 16.5606  val_mae 11.5967  lr 8.63e-04  12.3s *
[model] epoch   3/100  train_l1 12.0223  val_mae 8.3007  lr 1.00e-03  12.4s *
[model] epoch   4/100  train_l1 9.1610  val_mae 6.4753  lr 9.99e-04  12.3s *
[model] epoch   5/100  train_l1 7.6401  val_mae 5.4544  lr 9.98e-04  12.3s *
[model] epoch   6/100  train_l1 6.7562  val_mae 4.8180  lr 9.96e-04  12.3s *
[model] epoch   7/100  train_l1 6.1163  val_mae 4.3525  lr 9.94e-04  12.3s *
[model] epoch   8/100  train_l1 5.6564  val_mae 3.9987  lr 9.92e-04  12.3s *
[model] epoch   9/100  train_l1 5.2842  val_mae 3.7211  lr 9.88e-04  12.3s *
[model] epoch  10/100  train_l1 4.9994  val_mae 3.5112  lr 9.85e-04  12.3s *
[model] epoch  11/100  train_l1 4.7322  val_mae 3.3386  lr 9.81e-04  12.3s *
[model] epoch  12/100  train_l1 4.5201  val_mae 3.1945  lr 9.76e-04  12.3s *
[model] epoch  13/100  train_l1 4.3210  val_mae 3.0749  lr 9.71e-04  12.3s *
[model] epoch  14/100  train_l1 4.1563  val_mae 2.9702  lr 9.65e-04  12.3s *
[model] epoch  15/100  train_l1 4.0234  val_mae 2.8792  lr 9.59e-04  12.3s *
[model] epoch  16/100  train_l1 3.9112  val_mae 2.7999  lr 9.52e-04  12.3s *
[model] epoch  17/100  train_l1 3.7619  val_mae 2.7254  lr 9.45e-04  12.3s *
[model] epoch  18/100  train_l1 3.6983  val_mae 2.6686  lr 9.38e-04  12.3s *
[model] epoch  19/100  train_l1 3.5885  val_mae 2.6132  lr 9.30e-04  12.3s *
[model] epoch  20/100  train_l1 3.5082  val_mae 2.5603  lr 9.21e-04  12.3s *
[model] epoch  21/100  train_l1 3.4352  val_mae 2.5162  lr 9.12e-04  12.3s *
[model] epoch  22/100  train_l1 3.3479  val_mae 2.4718  lr 9.03e-04  12.3s *
[model] epoch  23/100  train_l1 3.2825  val_mae 2.4324  lr 8.93e-04  12.3s *
[model] epoch  24/100  train_l1 3.2072  val_mae 2.3959  lr 8.83e-04  12.3s *
[model] epoch  25/100  train_l1 3.1596  val_mae 2.3625  lr 8.73e-04  12.3s *
[model] epoch  26/100  train_l1 3.0917  val_mae 2.3305  lr 8.62e-04  12.3s *
[model] epoch  27/100  train_l1 3.0464  val_mae 2.3000  lr 8.51e-04  12.3s *
[model] epoch  28/100  train_l1 2.9961  val_mae 2.2750  lr 8.39e-04  12.3s *
[model] epoch  29/100  train_l1 2.9417  val_mae 2.2490  lr 8.27e-04  12.3s *
[model] epoch  30/100  train_l1 2.8988  val_mae 2.2232  lr 8.15e-04  12.3s *
[model] epoch  31/100  train_l1 2.8540  val_mae 2.2001  lr 8.02e-04  12.3s *
[model] epoch  32/100  train_l1 2.8146  val_mae 2.1798  lr 7.89e-04  12.3s *
[model] epoch  33/100  train_l1 2.7685  val_mae 2.1591  lr 7.76e-04  12.3s *
[model] epoch  34/100  train_l1 2.7247  val_mae 2.1386  lr 7.62e-04  12.3s *
[model] epoch  35/100  train_l1 2.6943  val_mae 2.1211  lr 7.48e-04  12.3s *
[model] epoch  36/100  train_l1 2.6546  val_mae 2.1033  lr 7.34e-04  12.3s *
[model] epoch  37/100  train_l1 2.6156  val_mae 2.0887  lr 7.20e-04  12.3s *
[model] epoch  38/100  train_l1 2.5784  val_mae 2.0720  lr 7.05e-04  12.3s *
[model] epoch  39/100  train_l1 2.5466  val_mae 2.0566  lr 6.91e-04  12.3s *
[model] epoch  40/100  train_l1 2.5194  val_mae 2.0398  lr 6.76e-04  12.3s *
[model] epoch  41/100  train_l1 2.4901  val_mae 2.0279  lr 6.60e-04  12.3s *
[model] epoch  42/100  train_l1 2.4558  val_mae 2.0142  lr 6.45e-04  12.3s *
[model] epoch  43/100  train_l1 2.4313  val_mae 2.0013  lr 6.30e-04  12.3s *
[model] epoch  44/100  train_l1 2.3928  val_mae 1.9900  lr 6.14e-04  12.3s *
[model] epoch  45/100  train_l1 2.3651  val_mae 1.9779  lr 5.98e-04  12.3s *
[model] epoch  46/100  train_l1 2.3498  val_mae 1.9674  lr 5.83e-04  12.4s *
[model] epoch  47/100  train_l1 2.3062  val_mae 1.9547  lr 5.67e-04  12.3s *
[model] epoch  48/100  train_l1 2.2851  val_mae 1.9464  lr 5.51e-04  12.3s *
[model] epoch  49/100  train_l1 2.2610  val_mae 1.9356  lr 5.35e-04  12.3s *
[model] epoch  50/100  train_l1 2.2293  val_mae 1.9266  lr 5.19e-04  12.3s *
[model] epoch  51/100  train_l1 2.2067  val_mae 1.9150  lr 5.03e-04  12.3s *
[model] epoch  52/100  train_l1 2.1844  val_mae 1.9070  lr 4.86e-04  12.3s *
[model] epoch  53/100  train_l1 2.1570  val_mae 1.8991  lr 4.70e-04  12.3s *
[model] epoch  54/100  train_l1 2.1291  val_mae 1.8905  lr 4.54e-04  12.3s *
[model] epoch  55/100  train_l1 2.1116  val_mae 1.8820  lr 4.38e-04  12.3s *
[model] epoch  56/100  train_l1 2.0818  val_mae 1.8730  lr 4.22e-04  12.3s *
[model] epoch  57/100  train_l1 2.0638  val_mae 1.8661  lr 4.07e-04  12.3s *
[model] epoch  58/100  train_l1 2.0441  val_mae 1.8594  lr 3.91e-04  12.3s *
[model] epoch  59/100  train_l1 2.0182  val_mae 1.8520  lr 3.75e-04  12.3s *
[model] epoch  60/100  train_l1 1.9967  val_mae 1.8449  lr 3.60e-04  12.3s *
[model] epoch  61/100  train_l1 1.9784  val_mae 1.8385  lr 3.44e-04  12.3s *
[model] epoch  62/100  train_l1 1.9496  val_mae 1.8320  lr 3.29e-04  12.3s *
[model] epoch  63/100  train_l1 1.9346  val_mae 1.8264  lr 3.14e-04  12.3s *
[model] epoch  64/100  train_l1 1.9160  val_mae 1.8218  lr 2.99e-04  12.3s *
[model] epoch  65/100  train_l1 1.8966  val_mae 1.8161  lr 2.85e-04  12.3s *
[model] epoch  66/100  train_l1 1.8776  val_mae 1.8119  lr 2.70e-04  12.3s *
[model] epoch  67/100  train_l1 1.8572  val_mae 1.8078  lr 2.56e-04  12.3s *
[model] epoch  68/100  train_l1 1.8421  val_mae 1.8026  lr 2.42e-04  12.3s *
[model] epoch  69/100  train_l1 1.8234  val_mae 1.7980  lr 2.29e-04  12.3s *
[model] epoch  70/100  train_l1 1.8051  val_mae 1.7941  lr 2.15e-04  12.3s *
[model] epoch  71/100  train_l1 1.7940  val_mae 1.7899  lr 2.02e-04  12.3s *
[model] epoch  72/100  train_l1 1.7732  val_mae 1.7861  lr 1.89e-04  12.3s *
[model] epoch  73/100  train_l1 1.7588  val_mae 1.7829  lr 1.77e-04  12.4s *
[model] epoch  74/100  train_l1 1.7427  val_mae 1.7800  lr 1.65e-04  12.3s *
[model] epoch  75/100  train_l1 1.7278  val_mae 1.7764  lr 1.53e-04  12.3s *
[model] epoch  76/100  train_l1 1.7162  val_mae 1.7740  lr 1.42e-04  12.3s *
[model] epoch  77/100  train_l1 1.7006  val_mae 1.7708  lr 1.31e-04  12.3s *
[model] epoch  78/100  train_l1 1.6862  val_mae 1.7682  lr 1.20e-04  12.3s *
[model] epoch  79/100  train_l1 1.6748  val_mae 1.7654  lr 1.10e-04  12.4s *
[model] epoch  80/100  train_l1 1.6630  val_mae 1.7643  lr 9.99e-05  12.3s *
[model] epoch  81/100  train_l1 1.6479  val_mae 1.7627  lr 9.05e-05  12.3s *
[model] epoch  82/100  train_l1 1.6387  val_mae 1.7603  lr 8.15e-05  12.3s *
[model] epoch  83/100  train_l1 1.6277  val_mae 1.7588  lr 7.29e-05  12.3s *
[model] epoch  84/100  train_l1 1.6182  val_mae 1.7572  lr 6.48e-05  12.3s *
[model] epoch  85/100  train_l1 1.6120  val_mae 1.7557  lr 5.71e-05  12.3s *
[model] epoch  86/100  train_l1 1.5984  val_mae 1.7545  lr 4.98e-05  12.3s *
[model] epoch  87/100  train_l1 1.5895  val_mae 1.7533  lr 4.31e-05  12.3s *
[model] epoch  88/100  train_l1 1.5814  val_mae 1.7522  lr 3.68e-05  12.3s *
[model] epoch  89/100  train_l1 1.5769  val_mae 1.7514  lr 3.10e-05  12.3s *
[model] epoch  90/100  train_l1 1.5693  val_mae 1.7509  lr 2.56e-05  12.4s *
[model] epoch  91/100  train_l1 1.5629  val_mae 1.7499  lr 2.08e-05  12.3s *
[model] epoch  92/100  train_l1 1.5583  val_mae 1.7494  lr 1.65e-05  12.3s *
[model] epoch  93/100  train_l1 1.5513  val_mae 1.7489  lr 1.26e-05  12.3s *
[model] epoch  94/100  train_l1 1.5491  val_mae 1.7489  lr 9.28e-06  12.3s
[model] epoch  95/100  train_l1 1.5440  val_mae 1.7485  lr 6.45e-06  12.3s *
[model] epoch  96/100  train_l1 1.5401  val_mae 1.7479  lr 4.13e-06  12.3s *
[model] epoch  97/100  train_l1 1.5384  val_mae 1.7479  lr 2.33e-06  12.3s *
[model] epoch  98/100  train_l1 1.5363  val_mae 1.7477  lr 1.03e-06  12.3s *
[model] epoch  99/100  train_l1 1.5365  val_mae 1.7476  lr 2.59e-07  12.3s *
[model] epoch 100/100  train_l1 1.5337  val_mae 1.7477  lr 0.00e+00  12.3s

[model] holdout MAE 1.7476 nm  (layer_1=1.193  layer_2=2.200  layer_3=2.048  layer_4=1.549) (best epoch 99)

산출물: /content/FringeNet/runs/cnn_recipe/budget100-std-ema/ (metrics.json, train.log, model.pt)
