run level1_cnn/single-scale: 행 810,000 = 학습 729,000 + holdout 81,000 / mode=holdout / device=cuda
[model] epoch   1/30  train_l1 58.7661  val_mae 41.9664  lr 1.00e-03  61.0s *
[model] epoch   2/30  train_l1 35.6658  val_mae 32.6963  lr 9.95e-04  64.7s *
[model] epoch   3/30  train_l1 30.0326  val_mae 28.5847  lr 9.85e-04  67.1s *
[model] epoch   4/30  train_l1 27.4693  val_mae 27.6150  lr 9.69e-04  67.1s *
[model] epoch   5/30  train_l1 25.8877  val_mae 27.1840  lr 9.48e-04  67.3s *
[model] epoch   6/30  train_l1 24.7908  val_mae 25.1800  lr 9.21e-04  67.4s *
[model] epoch   7/30  train_l1 23.8741  val_mae 24.1193  lr 8.90e-04  67.4s *
[model] epoch   8/30  train_l1 23.1520  val_mae 24.6206  lr 8.55e-04  67.2s
[model] epoch   9/30  train_l1 22.5207  val_mae 24.2039  lr 8.15e-04  67.2s
[model] epoch  10/30  train_l1 21.9901  val_mae 23.1637  lr 7.71e-04  67.1s *
[model] epoch  11/30  train_l1 21.4931  val_mae 22.4063  lr 7.25e-04  67.1s *
[model] epoch  12/30  train_l1 21.0589  val_mae 21.2174  lr 6.76e-04  67.2s *
[model] epoch  13/30  train_l1 20.6802  val_mae 20.9098  lr 6.25e-04  67.4s *
[model] epoch  14/30  train_l1 20.3246  val_mae 21.1387  lr 5.72e-04  67.5s
[model] epoch  15/30  train_l1 20.0213  val_mae 20.2945  lr 5.19e-04  67.5s *
[model] epoch  16/30  train_l1 19.6794  val_mae 20.2280  lr 4.65e-04  67.3s *
[model] epoch  17/30  train_l1 19.4225  val_mae 20.2400  lr 4.12e-04  67.2s
[model] epoch  18/30  train_l1 19.1650  val_mae 19.3231  lr 3.60e-04  67.1s *
[model] epoch  19/30  train_l1 18.9275  val_mae 19.2918  lr 3.09e-04  67.1s *
[model] epoch  20/30  train_l1 18.7047  val_mae 19.0408  lr 2.61e-04  67.2s *
[model] epoch  21/30  train_l1 18.5309  val_mae 19.0329  lr 2.15e-04  67.4s *
[model] epoch  22/30  train_l1 18.3287  val_mae 18.6898  lr 1.73e-04  67.4s *
[model] epoch  23/30  train_l1 18.1831  val_mae 18.5257  lr 1.34e-04  67.3s *
[model] epoch  24/30  train_l1 18.0596  val_mae 18.4942  lr 1.00e-04  67.1s *
[model] epoch  25/30  train_l1 17.9316  val_mae 18.3044  lr 7.02e-05  67.1s *
[model] epoch  26/30  train_l1 17.8368  val_mae 18.2884  lr 4.53e-05  67.2s *
[model] epoch  27/30  train_l1 17.7597  val_mae 18.2358  lr 2.56e-05  67.1s *
[model] epoch  28/30  train_l1 17.7095  val_mae 18.2061  lr 1.15e-05  67.0s *
[model] epoch  29/30  train_l1 17.6504  val_mae 18.1613  lr 2.87e-06  67.0s *
[model] epoch  30/30  train_l1 17.6470  val_mae 18.1747  lr 0.00e+00  67.0s

[model] holdout MAE 18.1613 nm  (layer_1=12.287  layer_2=23.531  layer_3=17.709  layer_4=19.119) (best epoch 29)

산출물: /content/FringeNet/runs/level1_cnn/single-scale/ (metrics.json, train.log, model.pt)
