run cnn_recipe/budget100-std-ema-tail: 행 810,000 = 학습 729,000 + holdout 81,000 / mode=holdout / device=cuda
[model] 입력 채널별 표준화 — 통계는 학습 729,000행에서
[model] epoch   1/100  train_l1 32.9136  val_mae 18.5336  lr 4.32e-04  12.6s *
[model] epoch   2/100  train_l1 17.2576  val_mae 12.1103  lr 8.63e-04  12.5s *
[model] epoch   3/100  train_l1 12.8831  val_mae 8.8930  lr 1.00e-03  12.6s *
[model] epoch   4/100  train_l1 10.1110  val_mae 7.1645  lr 9.99e-04  12.5s *
[model] epoch   5/100  train_l1 8.6245  val_mae 6.1543  lr 9.98e-04  12.5s *
[model] epoch   6/100  train_l1 7.6242  val_mae 5.4812  lr 9.96e-04  12.5s *
[model] epoch   7/100  train_l1 6.8807  val_mae 4.9549  lr 9.94e-04  12.5s *
[model] epoch   8/100  train_l1 6.3626  val_mae 4.5525  lr 9.92e-04  12.5s *
[model] epoch   9/100  train_l1 5.9320  val_mae 4.2352  lr 9.88e-04  12.5s *
[model] epoch  10/100  train_l1 5.5673  val_mae 3.9729  lr 9.85e-04  12.5s *
[model] epoch  11/100  train_l1 5.2500  val_mae 3.7585  lr 9.81e-04  12.5s *
[model] epoch  12/100  train_l1 5.0291  val_mae 3.5891  lr 9.76e-04  12.5s *
[model] epoch  13/100  train_l1 4.7719  val_mae 3.4345  lr 9.71e-04  12.5s *
[model] epoch  14/100  train_l1 4.5794  val_mae 3.3035  lr 9.65e-04  12.5s *
[model] epoch  15/100  train_l1 4.4487  val_mae 3.1976  lr 9.59e-04  12.5s *
[model] epoch  16/100  train_l1 4.2811  val_mae 3.1021  lr 9.52e-04  12.5s *
[model] epoch  17/100  train_l1 4.1212  val_mae 3.0176  lr 9.45e-04  12.5s *
[model] epoch  18/100  train_l1 4.0461  val_mae 2.9490  lr 9.38e-04  12.6s *
[model] epoch  19/100  train_l1 3.9234  val_mae 2.8826  lr 9.30e-04  12.5s *
[model] epoch  20/100  train_l1 3.8175  val_mae 2.8248  lr 9.21e-04  12.5s *
[model] epoch  21/100  train_l1 3.7428  val_mae 2.7700  lr 9.12e-04  12.5s *
[model] epoch  22/100  train_l1 3.6468  val_mae 2.7234  lr 9.03e-04  12.6s *
[model] epoch  23/100  train_l1 3.5758  val_mae 2.6787  lr 8.93e-04  12.5s *
[model] epoch  24/100  train_l1 3.4909  val_mae 2.6340  lr 8.83e-04  12.5s *
[model] epoch  25/100  train_l1 3.4325  val_mae 2.5998  lr 8.73e-04  12.6s *
[model] epoch  26/100  train_l1 3.3688  val_mae 2.5683  lr 8.62e-04  12.5s *
[model] epoch  27/100  train_l1 3.3130  val_mae 2.5313  lr 8.51e-04  12.5s *
[model] epoch  28/100  train_l1 3.2673  val_mae 2.5064  lr 8.39e-04  12.5s *
[model] epoch  29/100  train_l1 3.1969  val_mae 2.4743  lr 8.27e-04  12.5s *
[model] epoch  30/100  train_l1 3.1448  val_mae 2.4438  lr 8.15e-04  12.5s *
[model] epoch  31/100  train_l1 3.1115  val_mae 2.4196  lr 8.02e-04  12.5s *
[model] epoch  32/100  train_l1 3.0500  val_mae 2.3956  lr 7.89e-04  12.6s *
[model] epoch  33/100  train_l1 3.0135  val_mae 2.3750  lr 7.76e-04  12.6s *
[model] epoch  34/100  train_l1 2.9602  val_mae 2.3518  lr 7.62e-04  12.6s *
[model] epoch  35/100  train_l1 2.9196  val_mae 2.3300  lr 7.48e-04  12.5s *
[model] epoch  36/100  train_l1 2.8817  val_mae 2.3113  lr 7.34e-04  12.5s *
[model] epoch  37/100  train_l1 2.8430  val_mae 2.2926  lr 7.20e-04  12.5s *
[model] epoch  38/100  train_l1 2.7956  val_mae 2.2755  lr 7.05e-04  12.5s *
[model] epoch  39/100  train_l1 2.7625  val_mae 2.2571  lr 6.91e-04  12.5s *
[model] epoch  40/100  train_l1 2.7236  val_mae 2.2409  lr 6.76e-04  12.5s *
[model] epoch  41/100  train_l1 2.7086  val_mae 2.2257  lr 6.60e-04  12.5s *
[model] epoch  42/100  train_l1 2.6518  val_mae 2.2090  lr 6.45e-04  12.5s *
[model] epoch  43/100  train_l1 2.6356  val_mae 2.1965  lr 6.30e-04  12.5s *
[model] epoch  44/100  train_l1 2.5931  val_mae 2.1842  lr 6.14e-04  12.5s *
[model] epoch  45/100  train_l1 2.5556  val_mae 2.1697  lr 5.98e-04  12.5s *
[model] epoch  46/100  train_l1 2.5485  val_mae 2.1571  lr 5.83e-04  12.5s *
[model] epoch  47/100  train_l1 2.5005  val_mae 2.1451  lr 5.67e-04  12.6s *
[model] epoch  48/100  train_l1 2.4760  val_mae 2.1332  lr 5.51e-04  12.6s *
[model] epoch  49/100  train_l1 2.4425  val_mae 2.1208  lr 5.35e-04  12.5s *
[model] epoch  50/100  train_l1 2.4191  val_mae 2.1108  lr 5.19e-04  12.6s *
[model] epoch  51/100  train_l1 2.3790  val_mae 2.1017  lr 5.03e-04  12.5s *
[model] epoch  52/100  train_l1 2.3592  val_mae 2.0920  lr 4.86e-04  12.5s *
[model] epoch  53/100  train_l1 2.3359  val_mae 2.0813  lr 4.70e-04  12.5s *
[model] epoch  54/100  train_l1 2.3031  val_mae 2.0716  lr 4.54e-04  12.5s *
[model] epoch  55/100  train_l1 2.2845  val_mae 2.0628  lr 4.38e-04  12.6s *
[model] epoch  56/100  train_l1 2.2535  val_mae 2.0539  lr 4.22e-04  12.5s *
[model] epoch  57/100  train_l1 2.2326  val_mae 2.0457  lr 4.07e-04  12.5s *
[model] epoch  58/100  train_l1 2.2108  val_mae 2.0380  lr 3.91e-04  12.5s *
[model] epoch  59/100  train_l1 2.1876  val_mae 2.0298  lr 3.75e-04  12.5s *
[model] epoch  60/100  train_l1 2.1596  val_mae 2.0231  lr 3.60e-04  12.5s *
[model] epoch  61/100  train_l1 2.1417  val_mae 2.0178  lr 3.44e-04  12.5s *
[model] epoch  62/100  train_l1 2.1148  val_mae 2.0110  lr 3.29e-04  12.5s *
[model] epoch  63/100  train_l1 2.0923  val_mae 2.0037  lr 3.14e-04  12.5s *
[model] epoch  64/100  train_l1 2.0723  val_mae 1.9991  lr 2.99e-04  12.6s *
[model] epoch  65/100  train_l1 2.0571  val_mae 1.9942  lr 2.85e-04  12.5s *
[model] epoch  66/100  train_l1 2.0334  val_mae 1.9890  lr 2.70e-04  12.5s *
[model] epoch  67/100  train_l1 2.0104  val_mae 1.9836  lr 2.56e-04  12.6s *
[model] epoch  68/100  train_l1 1.9946  val_mae 1.9788  lr 2.42e-04  12.5s *
[model] epoch  69/100  train_l1 1.9704  val_mae 1.9737  lr 2.29e-04  12.5s *
[model] epoch  70/100  train_l1 1.9557  val_mae 1.9691  lr 2.15e-04  12.5s *
[model] epoch  71/100  train_l1 1.9439  val_mae 1.9657  lr 2.02e-04  12.5s *
[model] epoch  72/100  train_l1 1.9194  val_mae 1.9605  lr 1.89e-04  12.5s *
[model] epoch  73/100  train_l1 1.9040  val_mae 1.9572  lr 1.77e-04  12.5s *
[model] epoch  74/100  train_l1 1.8879  val_mae 1.9530  lr 1.65e-04  12.5s *
[model] epoch  75/100  train_l1 1.8679  val_mae 1.9496  lr 1.53e-04  12.5s *
[model] epoch  76/100  train_l1 1.8602  val_mae 1.9469  lr 1.42e-04  12.5s *
[model] epoch  77/100  train_l1 1.8412  val_mae 1.9440  lr 1.31e-04  12.5s *
[model] epoch  78/100  train_l1 1.8249  val_mae 1.9415  lr 1.20e-04  12.5s *
[model] epoch  79/100  train_l1 1.8143  val_mae 1.9388  lr 1.10e-04  12.5s *
[model] epoch  80/100  train_l1 1.8003  val_mae 1.9363  lr 9.99e-05  12.5s *
[model] epoch  81/100  train_l1 1.7861  val_mae 1.9337  lr 9.05e-05  12.5s *
[model] epoch  82/100  train_l1 1.7768  val_mae 1.9320  lr 8.15e-05  12.5s *
[model] epoch  83/100  train_l1 1.7659  val_mae 1.9304  lr 7.29e-05  12.6s *
[model] epoch  84/100  train_l1 1.7531  val_mae 1.9287  lr 6.48e-05  12.5s *
[model] epoch  85/100  train_l1 1.7472  val_mae 1.9278  lr 5.71e-05  12.5s *
[model] epoch  86/100  train_l1 1.7326  val_mae 1.9261  lr 4.98e-05  12.6s *
[model] epoch  87/100  train_l1 1.7222  val_mae 1.9253  lr 4.31e-05  12.6s *
[model] epoch  88/100  train_l1 1.7145  val_mae 1.9238  lr 3.68e-05  12.5s *
[model] epoch  89/100  train_l1 1.7083  val_mae 1.9228  lr 3.10e-05  12.5s *
[model] epoch  90/100  train_l1 1.7009  val_mae 1.9224  lr 2.56e-05  12.5s *
[model] epoch  91/100  train_l1 1.6934  val_mae 1.9218  lr 2.08e-05  12.5s *
[model] epoch  92/100  train_l1 1.6877  val_mae 1.9211  lr 1.65e-05  12.6s *
[model] epoch  93/100  train_l1 1.6815  val_mae 1.9204  lr 1.26e-05  12.6s *
[model] epoch  94/100  train_l1 1.6779  val_mae 1.9198  lr 9.28e-06  12.5s *
[model] epoch  95/100  train_l1 1.6734  val_mae 1.9197  lr 6.45e-06  12.5s *
[model] epoch  96/100  train_l1 1.6694  val_mae 1.9195  lr 4.13e-06  12.5s *
[model] epoch  97/100  train_l1 1.6673  val_mae 1.9194  lr 2.33e-06  12.5s *
[model] epoch  98/100  train_l1 1.6643  val_mae 1.9191  lr 1.03e-06  12.5s *
[model] epoch  99/100  train_l1 1.6658  val_mae 1.9189  lr 2.59e-07  12.5s *
[model] epoch 100/100  train_l1 1.6614  val_mae 1.9190  lr 0.00e+00  12.5s

[model] holdout MAE 1.9189 nm  (layer_1=1.409  layer_2=2.335  layer_3=2.216  layer_4=1.716) (best epoch 99)

산출물: /content/FringeNet/runs/cnn_recipe/budget100-std-ema-tail/ (metrics.json, train.log, model.pt)
