run stage_a/sio2-freeze-adachi-lbfgs: fit 50,000 + diag 20,000 행 (holdout 제외 train에서 표집) / device=cpu
[init] runs/stage_a/sio2-freeze-adachi (step 3000, val_rmse 0.01442) state_dict에서 초기화
[calib] step     1/60  train_rmse 0.01441  val_rmse 0.01442  lr 1.00e+00  36.6s *
[calib] step     2/60  train_rmse 0.01441  val_rmse 0.01442  lr 1.00e+00  10.9s
[calib] step     3/60  train_rmse 0.01441  val_rmse 0.01442  lr 1.00e+00  10.9s
[calib] step     4/60  train_rmse 0.01441  val_rmse 0.01442  lr 1.00e+00  10.4s
[calib] step     5/60  train_rmse 0.01441  val_rmse 0.01442  lr 1.00e+00  10.9s
[calib] step     6/60  train_rmse 0.01441  val_rmse 0.01442  lr 1.00e+00  10.1s
[calib] step     7/60  train_rmse 0.01441  val_rmse 0.01442  lr 1.00e+00  8.6s
[calib] step     8/60  train_rmse 0.01441  val_rmse 0.01442  lr 1.00e+00  9.3s
[calib] step     9/60  train_rmse 0.01441  val_rmse 0.01442  lr 1.00e+00  9.3s
[calib] step    10/60  train_rmse 0.01441  val_rmse 0.01442  lr 1.00e+00  8.6s
[calib] step    11/60  train_rmse 0.01441  val_rmse 0.01442  lr 1.00e+00  8.4s
[calib] step    12/60  train_rmse 0.01441  val_rmse 0.01442  lr 1.00e+00  8.3s
[calib] step    13/60  train_rmse 0.01441  val_rmse 0.01442  lr 1.00e+00  8.9s
[calib] step    14/60  train_rmse 0.01441  val_rmse 0.01442  lr 1.00e+00  8.9s
[calib] step    15/60  train_rmse 0.01441  val_rmse 0.01442  lr 1.00e+00  8.4s
[calib] step    16/60  train_rmse 0.01441  val_rmse 0.01442  lr 1.00e+00  8.5s
[calib] step    17/60  train_rmse 0.01441  val_rmse 0.01442  lr 1.00e+00  8.7s
[calib] step    18/60  train_rmse 0.01441  val_rmse 0.01442  lr 1.00e+00  9.5s
[calib] step    19/60  train_rmse 0.01441  val_rmse 0.01442  lr 1.00e+00  9.4s
[calib] step    20/60  train_rmse 0.01441  val_rmse 0.01442  lr 1.00e+00  11.9s
[calib] step    21/60  train_rmse 0.01441  val_rmse 0.01442  lr 1.00e+00  11.2s
[calib] step    22/60  train_rmse 0.01441  val_rmse 0.01442  lr 1.00e+00  8.8s
[calib] step    23/60  train_rmse 0.01441  val_rmse 0.01442  lr 1.00e+00  9.4s
[calib] step    24/60  train_rmse 0.01441  val_rmse 0.01442  lr 1.00e+00  10.2s
[calib] step    25/60  train_rmse 0.01441  val_rmse 0.01442  lr 1.00e+00  8.8s
[calib] step    26/60  train_rmse 0.01441  val_rmse 0.01442  lr 1.00e+00  8.6s
[calib] step    27/60  train_rmse 0.01441  val_rmse 0.01442  lr 1.00e+00  9.9s
[calib] step    28/60  train_rmse 0.01441  val_rmse 0.01442  lr 1.00e+00  10.0s
[calib] step    29/60  train_rmse 0.01441  val_rmse 0.01442  lr 1.00e+00  8.9s
[calib] step    30/60  train_rmse 0.01441  val_rmse 0.01442  lr 1.00e+00  8.7s
[calib] step    31/60  train_rmse 0.01441  val_rmse 0.01442  lr 1.00e+00  8.7s
[calib] step    32/60  train_rmse 0.01441  val_rmse 0.01442  lr 1.00e+00  8.8s
[calib] step    33/60  train_rmse 0.01441  val_rmse 0.01442  lr 1.00e+00  9.3s
[calib] step    34/60  train_rmse 0.01441  val_rmse 0.01442  lr 1.00e+00  9.1s
[calib] step    35/60  train_rmse 0.01441  val_rmse 0.01442  lr 1.00e+00  8.7s
[calib] step    36/60  train_rmse 0.01441  val_rmse 0.01442  lr 1.00e+00  8.5s
[calib] step    37/60  train_rmse 0.01441  val_rmse 0.01442  lr 1.00e+00  9.1s
[calib] step    38/60  train_rmse 0.01441  val_rmse 0.01442  lr 1.00e+00  10.3s
[calib] step    39/60  train_rmse 0.01441  val_rmse 0.01442  lr 1.00e+00  13.6s
[calib] step    40/60  train_rmse 0.01441  val_rmse 0.01442  lr 1.00e+00  11.4s
[calib] step    41/60  train_rmse 0.01441  val_rmse 0.01442  lr 1.00e+00  10.2s
[calib] step    42/60  train_rmse 0.01441  val_rmse 0.01442  lr 1.00e+00  9.6s
[calib] step    43/60  train_rmse 0.01441  val_rmse 0.01442  lr 1.00e+00  10.3s
[calib] step    44/60  train_rmse 0.01441  val_rmse 0.01442  lr 1.00e+00  10.3s
[calib] step    45/60  train_rmse 0.01441  val_rmse 0.01442  lr 1.00e+00  10.5s
[calib] step    46/60  train_rmse 0.01441  val_rmse 0.01442  lr 1.00e+00  9.4s
[calib] step    47/60  train_rmse 0.01441  val_rmse 0.01442  lr 1.00e+00  17.0s
[calib] step    48/60  train_rmse 0.01441  val_rmse 0.01442  lr 1.00e+00  28.0s
[calib] step    49/60  train_rmse 0.01441  val_rmse 0.01442  lr 1.00e+00  23.0s
[calib] step    50/60  train_rmse 0.01441  val_rmse 0.01442  lr 1.00e+00  13.2s
[calib] step    51/60  train_rmse 0.01441  val_rmse 0.01442  lr 1.00e+00  12.5s
[calib] step    52/60  train_rmse 0.01441  val_rmse 0.01442  lr 1.00e+00  10.9s
[calib] step    53/60  train_rmse 0.01441  val_rmse 0.01442  lr 1.00e+00  9.9s
[calib] step    54/60  train_rmse 0.01441  val_rmse 0.01442  lr 1.00e+00  8.8s
[calib] step    55/60  train_rmse 0.01441  val_rmse 0.01442  lr 1.00e+00  8.8s
[calib] step    56/60  train_rmse 0.01441  val_rmse 0.01442  lr 1.00e+00  8.7s
[calib] step    57/60  train_rmse 0.01441  val_rmse 0.01442  lr 1.00e+00  8.5s
[calib] step    58/60  train_rmse 0.01441  val_rmse 0.01442  lr 1.00e+00  8.5s
[calib] step    59/60  train_rmse 0.01441  val_rmse 0.01442  lr 1.00e+00  8.9s
[calib] step    60/60  train_rmse 0.01441  val_rmse 0.01442  lr 1.00e+00  8.5s

[calib] best val_rmse 0.01442 @ step 1 — 게이트 (a) RMSE < 0.0105: 실패 (잔차 백색성 (c)는 scripts/diagnose_calibration.py로 별도 판정)

산출물: /home/bshzz1006/workspace/FringeNet/runs/stage_a/sio2-freeze-adachi-lbfgs/ (metrics.json, train.log, model.pt)
