run task8/d2-se-fft: 행 810,000 = 학습 729,000 + holdout 81,000 / mode=holdout / device=cuda
[model] epoch   1/100  train_l1 26.9399  val_mae 14.3537  lr 4.32e-04  40.6s *
[model] epoch   2/100  train_l1 8.3775  val_mae 5.8055  lr 8.63e-04  39.5s *
[model] epoch   3/100  train_l1 4.7359  val_mae 3.9247  lr 1.00e-03  39.8s *
[model] epoch   4/100  train_l1 3.4758  val_mae 3.3419  lr 9.99e-04  39.6s *
[model] epoch   5/100  train_l1 2.8672  val_mae 3.9215  lr 9.98e-04  39.7s
[model] epoch   6/100  train_l1 2.5979  val_mae 2.6668  lr 9.96e-04  39.8s *
[model] epoch   7/100  train_l1 2.2753  val_mae 2.3792  lr 9.94e-04  39.6s *
[model] epoch   8/100  train_l1 2.0972  val_mae 3.4052  lr 9.92e-04  39.7s
[model] epoch   9/100  train_l1 1.8344  val_mae 2.0598  lr 9.88e-04  39.6s *
[model] epoch  10/100  train_l1 1.7755  val_mae 3.2225  lr 9.85e-04  39.7s
[model] epoch  11/100  train_l1 1.6194  val_mae 1.6731  lr 9.81e-04  39.6s *
[model] epoch  12/100  train_l1 1.4758  val_mae 1.4201  lr 9.76e-04  39.8s *
[model] epoch  13/100  train_l1 1.4480  val_mae 1.4698  lr 9.71e-04  39.7s
[model] epoch  14/100  train_l1 1.3244  val_mae 1.3746  lr 9.65e-04  39.7s *
[model] epoch  15/100  train_l1 1.3665  val_mae 2.0381  lr 9.59e-04  39.5s
[model] epoch  16/100  train_l1 1.2355  val_mae 1.2237  lr 9.52e-04  39.8s *
[model] epoch  17/100  train_l1 1.1672  val_mae 1.1880  lr 9.45e-04  39.6s *
[model] epoch  18/100  train_l1 1.2081  val_mae 1.9288  lr 9.38e-04  39.7s
[model] epoch  19/100  train_l1 1.1429  val_mae 1.6503  lr 9.30e-04  39.6s
[model] epoch  20/100  train_l1 1.0559  val_mae 4.6760  lr 9.21e-04  39.8s
[model] epoch  21/100  train_l1 1.0355  val_mae 1.2443  lr 9.12e-04  39.8s
[model] epoch  22/100  train_l1 1.0374  val_mae 0.9345  lr 9.03e-04  39.7s *
[model] epoch  23/100  train_l1 0.9632  val_mae 1.0110  lr 8.93e-04  39.6s
[model] epoch  24/100  train_l1 0.9166  val_mae 1.1230  lr 8.83e-04  39.5s
[model] epoch  25/100  train_l1 0.9986  val_mae 0.9896  lr 8.73e-04  39.5s
[model] epoch  26/100  train_l1 0.9044  val_mae 1.3170  lr 8.62e-04  39.7s
[model] epoch  27/100  train_l1 0.8480  val_mae 0.7995  lr 8.51e-04  39.6s *
[model] epoch  28/100  train_l1 0.8524  val_mae 0.9549  lr 8.39e-04  39.6s
[model] epoch  29/100  train_l1 0.8639  val_mae 0.9974  lr 8.27e-04  39.7s
[model] epoch  30/100  train_l1 0.8545  val_mae 1.8735  lr 8.15e-04  39.7s
[model] epoch  31/100  train_l1 0.7726  val_mae 0.9726  lr 8.02e-04  39.4s
[model] epoch  32/100  train_l1 0.7690  val_mae 0.7621  lr 7.89e-04  39.7s *
[model] epoch  33/100  train_l1 0.7548  val_mae 0.7762  lr 7.76e-04  39.6s
[model] epoch  34/100  train_l1 0.7106  val_mae 0.7423  lr 7.62e-04  39.7s *
[model] epoch  35/100  train_l1 0.7062  val_mae 0.7875  lr 7.48e-04  39.6s
[model] epoch  36/100  train_l1 0.7098  val_mae 0.7015  lr 7.34e-04  39.7s *
[model] epoch  37/100  train_l1 0.6991  val_mae 0.6481  lr 7.20e-04  39.8s *
[model] epoch  38/100  train_l1 0.6654  val_mae 0.9126  lr 7.05e-04  39.9s
[model] epoch  39/100  train_l1 0.6630  val_mae 0.6939  lr 6.91e-04  40.0s
[model] epoch  40/100  train_l1 0.6099  val_mae 0.7011  lr 6.76e-04  39.8s
[model] epoch  41/100  train_l1 0.6037  val_mae 0.6982  lr 6.60e-04  39.8s
[model] epoch  42/100  train_l1 0.6086  val_mae 0.6086  lr 6.45e-04  39.7s *
[model] epoch  43/100  train_l1 0.5871  val_mae 0.7335  lr 6.30e-04  39.8s
[model] epoch  44/100  train_l1 0.5671  val_mae 0.6352  lr 6.14e-04  39.8s
[model] epoch  45/100  train_l1 0.5816  val_mae 0.7090  lr 5.98e-04  39.8s
[model] epoch  46/100  train_l1 0.5628  val_mae 0.5785  lr 5.83e-04  39.8s *
[model] epoch  47/100  train_l1 0.5194  val_mae 0.5236  lr 5.67e-04  39.8s *
[model] epoch  48/100  train_l1 0.5229  val_mae 0.5406  lr 5.51e-04  39.8s
[model] epoch  49/100  train_l1 0.5120  val_mae 0.6091  lr 5.35e-04  39.8s
[model] epoch  50/100  train_l1 0.5071  val_mae 0.5587  lr 5.19e-04  39.8s
[model] epoch  51/100  train_l1 0.4953  val_mae 0.5068  lr 5.03e-04  39.8s *
[model] epoch  52/100  train_l1 0.5002  val_mae 0.5022  lr 4.86e-04  39.8s *
[model] 미러에서 복원: ['resume.pt', 'train.log', 'model.pt']
[model] resume: epoch 50까지 완료 상태에서 재개 (best 0.5236 @ ep 47)
[model] epoch  51/100  train_l1 0.4953  val_mae 0.5068  lr 5.03e-04  45.9s *
[model] epoch  52/100  train_l1 0.5002  val_mae 0.5022  lr 4.86e-04  44.5s *
[model] epoch  53/100  train_l1 0.4793  val_mae 0.4877  lr 4.70e-04  44.7s *
[model] epoch  54/100  train_l1 0.4592  val_mae 0.7521  lr 4.54e-04  44.6s
[model] epoch  55/100  train_l1 0.4558  val_mae 0.4999  lr 4.38e-04  44.6s
[model] epoch  56/100  train_l1 0.4470  val_mae 0.4756  lr 4.22e-04  44.7s *
[model] epoch  57/100  train_l1 0.4359  val_mae 0.4838  lr 4.07e-04  44.6s
[model] epoch  58/100  train_l1 0.4235  val_mae 0.4415  lr 3.91e-04  44.6s *
[model] epoch  59/100  train_l1 0.4178  val_mae 0.7372  lr 3.75e-04  45.0s
[model] epoch  60/100  train_l1 0.4144  val_mae 0.4199  lr 3.60e-04  46.1s *
[model] epoch  61/100  train_l1 0.4027  val_mae 0.4293  lr 3.44e-04  45.7s
[model] epoch  62/100  train_l1 0.3940  val_mae 0.4190  lr 3.29e-04  45.6s *
[model] epoch  63/100  train_l1 0.3881  val_mae 0.4442  lr 3.14e-04  45.8s
[model] epoch  64/100  train_l1 0.3827  val_mae 0.4331  lr 2.99e-04  45.8s
[model] epoch  65/100  train_l1 0.3744  val_mae 0.4036  lr 2.85e-04  45.7s *
[model] epoch  66/100  train_l1 0.3657  val_mae 0.4038  lr 2.70e-04  45.6s
[model] epoch  67/100  train_l1 0.3585  val_mae 0.4023  lr 2.56e-04  45.5s *
[model] epoch  68/100  train_l1 0.3540  val_mae 0.3777  lr 2.42e-04  45.3s *
[model] epoch  69/100  train_l1 0.3471  val_mae 0.3789  lr 2.29e-04  45.3s
[model] epoch  70/100  train_l1 0.3416  val_mae 0.4055  lr 2.15e-04  45.2s
[model] epoch  71/100  train_l1 0.3361  val_mae 0.3735  lr 2.02e-04  45.3s *
[model] epoch  72/100  train_l1 0.3309  val_mae 0.3804  lr 1.89e-04  45.2s
[model] epoch  73/100  train_l1 0.3253  val_mae 0.3538  lr 1.77e-04  45.3s *
[model] epoch  74/100  train_l1 0.3197  val_mae 0.3696  lr 1.65e-04  45.3s
[model] epoch  75/100  train_l1 0.3152  val_mae 0.3639  lr 1.53e-04  45.2s
[model] epoch  76/100  train_l1 0.3105  val_mae 0.3465  lr 1.42e-04  45.3s *
[model] epoch  77/100  train_l1 0.3049  val_mae 0.3367  lr 1.31e-04  45.3s *
[model] epoch  78/100  train_l1 0.3009  val_mae 0.3358  lr 1.20e-04  45.4s *
[model] epoch  79/100  train_l1 0.2970  val_mae 0.3292  lr 1.10e-04  45.3s *
[model] epoch  80/100  train_l1 0.2928  val_mae 0.3294  lr 9.99e-05  45.4s
[model] epoch  81/100  train_l1 0.2883  val_mae 0.3263  lr 9.05e-05  45.3s *
[model] epoch  82/100  train_l1 0.2854  val_mae 0.3235  lr 8.15e-05  45.2s *
[model] epoch  83/100  train_l1 0.2817  val_mae 0.3168  lr 7.29e-05  45.2s *
[model] epoch  84/100  train_l1 0.2776  val_mae 0.3167  lr 6.48e-05  45.4s *
[model] epoch  85/100  train_l1 0.2751  val_mae 0.3131  lr 5.71e-05  45.2s *
[model] epoch  86/100  train_l1 0.2716  val_mae 0.3098  lr 4.98e-05  45.2s *
[model] epoch  87/100  train_l1 0.2690  val_mae 0.3086  lr 4.31e-05  45.2s *
[model] epoch  88/100  train_l1 0.2658  val_mae 0.3054  lr 3.68e-05  45.3s *
[model] epoch  89/100  train_l1 0.2640  val_mae 0.3034  lr 3.10e-05  45.4s *
[model] epoch  90/100  train_l1 0.2618  val_mae 0.3019  lr 2.56e-05  45.2s *
[model] epoch  91/100  train_l1 0.2595  val_mae 0.3021  lr 2.08e-05  45.3s
[model] epoch  92/100  train_l1 0.2578  val_mae 0.3004  lr 1.65e-05  45.2s *
[model] epoch  93/100  train_l1 0.2559  val_mae 0.2989  lr 1.26e-05  45.3s *
[model] epoch  94/100  train_l1 0.2543  val_mae 0.2977  lr 9.28e-06  45.2s *
[model] epoch  95/100  train_l1 0.2532  val_mae 0.2969  lr 6.45e-06  45.2s *
[model] epoch  96/100  train_l1 0.2519  val_mae 0.2969  lr 4.13e-06  45.2s *
[model] epoch  97/100  train_l1 0.2511  val_mae 0.2963  lr 2.33e-06  45.3s *
[model] epoch  98/100  train_l1 0.2505  val_mae 0.2961  lr 1.03e-06  45.2s *
[model] epoch  99/100  train_l1 0.2501  val_mae 0.2960  lr 2.59e-07  45.2s *
[model] epoch 100/100  train_l1 0.2496  val_mae 0.2960  lr 0.00e+00  45.3s *

[model] holdout MAE 0.2960 nm  (layer_1=0.216  layer_2=0.394  layer_3=0.298  layer_4=0.276) (best epoch 100)

산출물: /content/FringeNet/runs/task8/d2-se-fft/ (metrics.json, train.log, model.pt)
